Component: ARM Compiler 5.06 update 5 (build 528) Tool: armlink [4d35e2]

==============================================================================

Section Cross References

    startup_stm32f10x_md.o(STACK) refers (Special) to heapauxi.o(.text) for __use_two_region_memory
    startup_stm32f10x_md.o(HEAP) refers (Special) to heapauxi.o(.text) for __use_two_region_memory
    startup_stm32f10x_md.o(RESET) refers (Special) to heapauxi.o(.text) for __use_two_region_memory
    startup_stm32f10x_md.o(RESET) refers to startup_stm32f10x_md.o(STACK) for __initial_sp
    startup_stm32f10x_md.o(RESET) refers to startup_stm32f10x_md.o(.text) for Reset_Handler
    startup_stm32f10x_md.o(RESET) refers to stm32f10x_it.o(i.NMI_Handler) for NMI_Handler
    startup_stm32f10x_md.o(RESET) refers to stm32f10x_it.o(i.HardFault_Handler) for HardFault_Handler
    startup_stm32f10x_md.o(RESET) refers to stm32f10x_it.o(i.MemManage_Handler) for MemManage_Handler
    startup_stm32f10x_md.o(RESET) refers to stm32f10x_it.o(i.BusFault_Handler) for BusFault_Handler
    startup_stm32f10x_md.o(RESET) refers to stm32f10x_it.o(i.UsageFault_Handler) for UsageFault_Handler
    startup_stm32f10x_md.o(RESET) refers to stm32f10x_it.o(i.SVC_Handler) for SVC_Handler
    startup_stm32f10x_md.o(RESET) refers to stm32f10x_it.o(i.DebugMon_Handler) for DebugMon_Handler
    startup_stm32f10x_md.o(RESET) refers to stm32f10x_it.o(i.PendSV_Handler) for PendSV_Handler
    startup_stm32f10x_md.o(RESET) refers to stm32f10x_it.o(i.SysTick_Handler) for SysTick_Handler
    startup_stm32f10x_md.o(RESET) refers to serial.o(i.USART1_IRQHandler) for USART1_IRQHandler
    startup_stm32f10x_md.o(.text) refers (Special) to heapauxi.o(.text) for __use_two_region_memory
    startup_stm32f10x_md.o(.text) refers to system_stm32f10x.o(i.SystemInit) for SystemInit
    startup_stm32f10x_md.o(.text) refers to __main.o(!!!main) for __main
    startup_stm32f10x_md.o(.text) refers to startup_stm32f10x_md.o(HEAP) for Heap_Mem
    startup_stm32f10x_md.o(.text) refers to startup_stm32f10x_md.o(STACK) for Stack_Mem
    system_stm32f10x.o(i.SetSysClock) refers to system_stm32f10x.o(i.SetSysClockTo72) for SetSysClockTo72
    system_stm32f10x.o(i.SystemCoreClockUpdate) refers to system_stm32f10x.o(.data) for SystemCoreClock
    system_stm32f10x.o(i.SystemInit) refers to system_stm32f10x.o(i.SetSysClock) for SetSysClock
    stm32f10x_adc.o(i.ADC_DeInit) refers to stm32f10x_rcc.o(i.RCC_APB2PeriphResetCmd) for RCC_APB2PeriphResetCmd
    stm32f10x_bkp.o(i.BKP_DeInit) refers to stm32f10x_rcc.o(i.RCC_BackupResetCmd) for RCC_BackupResetCmd
    stm32f10x_can.o(i.CAN_DeInit) refers to stm32f10x_rcc.o(i.RCC_APB1PeriphResetCmd) for RCC_APB1PeriphResetCmd
    stm32f10x_can.o(i.CAN_GetITStatus) refers to stm32f10x_can.o(i.CheckITStatus) for CheckITStatus
    stm32f10x_cec.o(i.CEC_DeInit) refers to stm32f10x_rcc.o(i.RCC_APB1PeriphResetCmd) for RCC_APB1PeriphResetCmd
    stm32f10x_dac.o(i.DAC_DeInit) refers to stm32f10x_rcc.o(i.RCC_APB1PeriphResetCmd) for RCC_APB1PeriphResetCmd
    stm32f10x_flash.o(i.FLASH_EnableWriteProtection) refers to stm32f10x_flash.o(i.FLASH_WaitForLastOperation) for FLASH_WaitForLastOperation
    stm32f10x_flash.o(i.FLASH_EraseAllBank1Pages) refers to stm32f10x_flash.o(i.FLASH_WaitForLastBank1Operation) for FLASH_WaitForLastBank1Operation
    stm32f10x_flash.o(i.FLASH_EraseAllPages) refers to stm32f10x_flash.o(i.FLASH_WaitForLastOperation) for FLASH_WaitForLastOperation
    stm32f10x_flash.o(i.FLASH_EraseOptionBytes) refers to stm32f10x_flash.o(i.FLASH_GetReadOutProtectionStatus) for FLASH_GetReadOutProtectionStatus
    stm32f10x_flash.o(i.FLASH_EraseOptionBytes) refers to stm32f10x_flash.o(i.FLASH_WaitForLastOperation) for FLASH_WaitForLastOperation
    stm32f10x_flash.o(i.FLASH_ErasePage) refers to stm32f10x_flash.o(i.FLASH_WaitForLastOperation) for FLASH_WaitForLastOperation
    stm32f10x_flash.o(i.FLASH_ProgramHalfWord) refers to stm32f10x_flash.o(i.FLASH_WaitForLastOperation) for FLASH_WaitForLastOperation
    stm32f10x_flash.o(i.FLASH_ProgramOptionByteData) refers to stm32f10x_flash.o(i.FLASH_WaitForLastOperation) for FLASH_WaitForLastOperation
    stm32f10x_flash.o(i.FLASH_ProgramWord) refers to stm32f10x_flash.o(i.FLASH_WaitForLastOperation) for FLASH_WaitForLastOperation
    stm32f10x_flash.o(i.FLASH_ReadOutProtection) refers to stm32f10x_flash.o(i.FLASH_WaitForLastOperation) for FLASH_WaitForLastOperation
    stm32f10x_flash.o(i.FLASH_UserOptionByteConfig) refers to stm32f10x_flash.o(i.FLASH_WaitForLastOperation) for FLASH_WaitForLastOperation
    stm32f10x_flash.o(i.FLASH_WaitForLastBank1Operation) refers to stm32f10x_flash.o(i.FLASH_GetBank1Status) for FLASH_GetBank1Status
    stm32f10x_flash.o(i.FLASH_WaitForLastOperation) refers to stm32f10x_flash.o(i.FLASH_GetBank1Status) for FLASH_GetBank1Status
    stm32f10x_gpio.o(i.GPIO_AFIODeInit) refers to stm32f10x_rcc.o(i.RCC_APB2PeriphResetCmd) for RCC_APB2PeriphResetCmd
[...]
    x$fpl$fleqf                              0x08005d40   Section      104  fleqf.o(x$fpl$fleqf)
    x$fpl$fmul                               0x08005da8   Section      258  fmul.o(x$fpl$fmul)
    x$fpl$fnaninf                            0x08005eaa   Section      140  fnaninf.o(x$fpl$fnaninf)
    x$fpl$fretinf                            0x08005f36   Section       10  fretinf.o(x$fpl$fretinf)
    x$fpl$frleqf                             0x08005f40   Section       98  frleqf.o(x$fpl$frleqf)
    x$fpl$frnd                               0x08005fa4   Section       96  frnd.o(x$fpl$frnd)
    x$fpl$frsb                               0x08006004   Section       20  faddsub_clz.o(x$fpl$frsb)
    x$fpl$fsqrt                              0x08006018   Section      272  fsqrt.o(x$fpl$fsqrt)
    x$fpl$fsub                               0x08006128   Section      234  faddsub_clz.o(x$fpl$fsub)
    _fsub1                                   0x08006137   Thumb Code     0  faddsub_clz.o(x$fpl$fsub)
    x$fpl$ieeestatus                         0x08006212   Section        6  istatus.o(x$fpl$ieeestatus)
    x$fpl$retnan                             0x08006218   Section      100  retnan.o(x$fpl$retnan)
    x$fpl$scalbn                             0x0800627c   Section       92  scalbn.o(x$fpl$scalbn)
    x$fpl$scalbnf                            0x080062d8   Section       76  scalbnf.o(x$fpl$scalbnf)
    x$fpl$scanf1                             0x08006324   Section        4  scanf1.o(x$fpl$scanf1)
    x$fpl$scanf2                             0x08006328   Section        8  scanf2.o(x$fpl$scanf2)
    x$fpl$trapveneer                         0x08006330   Section       48  trapv.o(x$fpl$trapveneer)
    .constdata                               0x08006360   Section       48  cos_i.o(.constdata)
    x$fpl$usenofp                            0x08006360   Section        0  usenofp.o(x$fpl$usenofp)
    C                                        0x08006360   Data          48  cos_i.o(.constdata)
    .constdata                               0x08006390   Section      200  rred.o(.constdata)
    pio2s                                    0x08006390   Data          48  rred.o(.constdata)
    twooverpi                                0x080063c0   Data         152  rred.o(.constdata)
    .constdata                               0x08006458   Section       32  rredf.o(.constdata)
    twooverpi                                0x08006458   Data          32  rredf.o(.constdata)
    .constdata                               0x08006478   Section       40  sin_i.o(.constdata)
    S                                        0x08006478   Data          40  sin_i.o(.constdata)
    .constdata                               0x080064a0   Section      148  bigflt0.o(.constdata)
    tenpwrs_x                                0x080064a0   Data          60  bigflt0.o(.constdata)
    tenpwrs_i                                0x080064dc   Data          64  bigflt0.o(.constdata)
    c$$dinf                                  0x08006554   Section        8  fpconst.o(c$$dinf)
    c$$dmax                                  0x0800655c   Section        8  fpconst.o(c$$dmax)
    locale$$data                             0x08006564   Section      272  lc_ctype_c.o(locale$$data)
    __lcctype_c_name                         0x08006568   Data           2  lc_ctype_c.o(locale$$data)
    __lcctype_c_start                        0x08006570   Data           0  lc_ctype_c.o(locale$$data)
    locale$$data                             0x08006674   Section       28  lc_numeric_c.o(locale$$data)
    __lcctype_c_end                          0x08006674   Data           0  lc_ctype_c.o(locale$$data)
    __lcnum_c_name                           0x08006678   Data           2  lc_numeric_c.o(locale$$data)
    __lcnum_c_start                          0x08006680   Data           0  lc_numeric_c.o(locale$$data)
    __lcnum_c_point                          0x0800668c   Data           0  lc_numeric_c.o(locale$$data)
    __lcnum_c_thousands                      0x0800668e   Data           0  lc_numeric_c.o(locale$$data)
    __lcnum_c_grouping                       0x0800668f   Data           0  lc_numeric_c.o(locale$$data)
    __lcnum_c_end                            0x08006690   Data           0  lc_numeric_c.o(locale$$data)
    .data                                    0x20000000   Section       20  stm32f10x_rcc.o(.data)
    APBAHBPrescTable                         0x20000000   Data          16  stm32f10x_rcc.o(.data)
    ADCPrescTable                            0x20000010   Data           4  stm32f10x_rcc.o(.data)
    .data                                    0x20000014   Section       56  main.o(.data)
    .data                                    0x2000004c   Section      160  dfoc.o(.data)
    .data                                    0x200000ec   Section        8  pid.o(.data)
    .data                                    0x200000f4   Section       12  serial.o(.data)
    .data                                    0x20000100   Section        4  as5600.o(.data)
    .bss                                     0x20000104   Section       64  dfoc.o(.bss)
    .bss                                     0x20000144   Section      132  vmc.o(.bss)
    .bss                                     0x200001c8   Section       72  pid.o(.bss)
    .bss                                     0x20000210   Section      410  serial.o(.bss)
    .bss                                     0x200003ac   Section       96  libspace.o(.bss)
    HEAP                                     0x20000410   Section      512  startup_stm32f10x_md.o(HEAP)
    Heap_Mem                                 0x20000410   Data         512  startup_stm32f10x_md.o(HEAP)
    STACK                                    0x20000610   Section     1024  startup_stm32f10x_md.o(STACK)
    Stack_Mem                                0x20000610   Data        1024  startup_stm32f10x_md.o(STACK)
    __initial_sp                             0x20000a10   Data           0  startup_stm32f10x_md.o(STACK)

    Global Symbols

    Symbol Name                              Value     Ov Type        Size  Object(Section)

    BuildAttributes$$THM_ISAv4$P$D$K$B$S$PE$A:L22UL41UL21$X:L11$S22US41US21$IEEE1$IW$USESV6$~STKCKD$USESV7$~SHL$OTIME$ROPI$IEEEX$EBA8$UX$STANDARDLIB$REQ8$PRES8$EABIv2 0x00000000   Number         0  anon$$obj.o ABSOLUTE
    __ARM_use_no_argv                        0x00000000   Number         0  main.o ABSOLUTE
    __ARM_exceptions_init                     - Undefined Weak Reference
    __alloca_initialize                       - Undefined Weak Reference
    __arm_preinit_                            - Undefined Weak Reference
    __cpp_initialize__aeabi_                  - Undefined Weak Reference
    __cxa_finalize                            - Undefined Weak Reference
    __sigvec_lookup                           - Undefined Weak Reference
    _atexit_init                              - Undefined Weak Reference
    _call_atexit_fns                          - Undefined Weak Reference
    _clock_init                               - Undefined Weak Reference
    _fp_trap_init                             - Undefined Weak Reference
    _fp_trap_shutdown                         - Undefined Weak Reference
    _get_lc_collate                           - Undefined Weak Reference
    _get_lc_monetary                          - Undefined Weak Reference
    _get_lc_time                              - Undefined Weak Reference
    _getenv_init                              - Undefined Weak Reference
    _handle_redirection                       - Undefined Weak Reference
    _init_alloc                               - Undefined Weak Reference
    _init_user_alloc                          - Undefined Weak Reference
    _initio                                   - Undefined Weak Reference
    _printf_mbtowc                            - Undefined Weak Reference
    _printf_post_padding                      - Undefined Weak Reference
    _printf_pre_padding                       - Undefined Weak Reference
    _rand_init                                - Undefined Weak Reference
    _signal_finish                            - Undefined Weak Reference
    _signal_init                              - Undefined Weak Reference
    _terminate_alloc                          - Undefined Weak Reference
    _terminate_user_alloc                     - Undefined Weak Reference
    _terminateio                              - Undefined Weak Reference
    __Vectors_Size                           0x000000ec   Number         0  startup_stm32f10x_md.o ABSOLUTE
    __Vectors                                0x08000000   Data           4  startup_stm32f10x_md.o(RESET)
    __Vectors_End                            0x080000ec   Data           0  startup_stm32f10x_md.o(RESET)
    __main                                   0x080000ed   Thumb Code     8  __main.o(!!!main)
    __scatterload                            0x080000f5   Thumb Code     0  __scatter.o(!!!scatter)
    __scatterload_rt2                        0x080000f5   Thumb Code    44  __scatter.o(!!!scatter)
    __scatterload_rt2_thumb_only             0x080000f5   Thumb Code     0  __scatter.o(!!!scatter)
    __scatterload_null                       0x08000103   Thumb Code     0  __scatter.o(!!!scatter)
    __scatterload_copy                       0x08000129   Thumb Code    26  __scatter_copy.o(!!handler_copy)
    __scatterload_zeroinit                   0x08000145   Thumb Code    28  __scatter_zi.o(!!handler_zi)
    _printf_percent                          0x08000161   Thumb Code     0  _printf_percent.o(.ARM.Collect$$_printf_percent$$00000000)
    _printf_s                                0x08000161   Thumb Code     0  _printf_s.o(.ARM.Collect$$_printf_percent$$00000014)
    _printf_percent_end                      0x08000167   Thumb Code     0  _printf_percent_end.o(.ARM.Collect$$_printf_percent$$00000017)
    __rt_lib_init                            0x0800016b   Thumb Code     0  libinit.o(.ARM.Collect$$libinit$$00000000)
    __rt_lib_init_fp_1                       0x0800016d   Thumb Code     0  libinit2.o(.ARM.Collect$$libinit$$00000002)
    __rt_lib_init_heap_1                     0x0800016d   Thumb Code     0  libinit2.o(.ARM.Collect$$libinit$$0000000A)
    __rt_lib_init_lc_common                  0x0800016d   Thumb Code     0  libinit2.o(.ARM.Collect$$libinit$$0000000F)
    __rt_lib_init_preinit_1                  0x0800016d   Thumb Code     0  libinit2.o(.ARM.Collect$$libinit$$00000004)
    __rt_lib_init_rand_1                     0x0800016d   Thumb Code     0  libinit2.o(.ARM.Collect$$libinit$$0000000E)
    __rt_lib_init_user_alloc_1               0x0800016d   Thumb Code     0  libinit2.o(.ARM.Collect$$libinit$$0000000C)
    __rt_lib_init_lc_collate_1               0x08000173   Thumb Code     0  libinit2.o(.ARM.Collect$$libinit$$00000011)
    __rt_lib_init_lc_ctype_2                 0x08000173   Thumb Code     0  libinit2.o(.ARM.Collect$$libinit$$00000012)
    __rt_lib_init_lc_ctype_1                 0x0800017f   Thumb Code     0  libinit2.o(.ARM.Collect$$libinit$$00000013)
    __rt_lib_init_lc_monetary_1              0x0800017f   Thumb Code     0  libinit2.o(.ARM.Collect$$libinit$$00000015)
    __rt_lib_init_lc_numeric_2               0x0800017f   Thumb Code     0  libinit2.o(.ARM.Collect$$libinit$$00000016)
    __rt_lib_init_alloca_1                   0x08000189   Thumb Code     0  libinit2.o(.ARM.Collect$$libinit$$0000002E)
    __rt_lib_init_argv_1                     0x08000189   Thumb Code     0  libinit2.o(.ARM.Collect$$libinit$$0000002C)
    __rt_lib_init_atexit_1                   0x08000189   Thumb Code     0  libinit2.o(.ARM.Collect$$libinit$$0000001B)
    __rt_lib_init_clock_1                    0x08000189   Thumb Code     0  libinit2.o(.ARM.Collect$$libinit$$00000021)
    __rt_lib_init_cpp_1                      0x08000189   Thumb Code     0  libinit2.o(.ARM.Collect$$libinit$$00000032)
    __rt_lib_init_exceptions_1               0x08000189   Thumb Code     0  libinit2.o(.ARM.Collect$$libinit$$00000030)
    __rt_lib_init_fp_trap_1                  0x08000189   Thumb Code     0  libinit2.o(.ARM.Collect$$libinit$$0000001F)
    __rt_lib_init_getenv_1                   0x08000189   Thumb Code     0  libinit2.o(.ARM.Collect$$libinit$$00000023)
    __rt_lib_init_lc_numeric_1               0x08000189   Thumb Code     0  libinit2.o(.ARM.Collect$$libinit$$00000017)
    __rt_lib_init_lc_time_1                  0x08000189   Thumb Code     0  libinit2.o(.ARM.Collect$$libinit$$00000019)
    __rt_lib_init_return                     0x08000189   Thumb Code     0  libinit2.o(.ARM.Collect$$libinit$$00000033)
    __rt_lib_init_signal_1                   0x08000189   Thumb Code     0  libinit2.o(.ARM.Collect$$libinit$$0000001D)
    __rt_lib_init_stdio_1                    0x08000189   Thumb Code     0  libinit2.o(.ARM.Collect$$libinit$$00000025)
    __rt_lib_shutdown                        0x0800018b   Thumb Code     0  libshutdown.o(.ARM.Collect$$libshutdown$$00000000)
    __rt_lib_shutdown_cpp_1                  0x0800018d   Thumb Code     0  libshutdown2.o(.ARM.Collect$$libshutdown$$00000002)
    __rt_lib_shutdown_fp_trap_1              0x0800018d   Thumb Code     0  libshutdown2.o(.ARM.Collect$$libshutdown$$00000007)
    __rt_lib_shutdown_heap_1                 0x0800018d   Thumb Code     0  libshutdown2.o(.ARM.Collect$$libshutdown$$0000000F)
    __rt_lib_shutdown_return                 0x0800018d   Thumb Code     0  libshutdown2.o(.ARM.Collect$$libshutdown$$00000010)
    __rt_lib_shutdown_signal_1               0x0800018d   Thumb Code     0  libshutdown2.o(.ARM.Collect$$libshutdown$$0000000A)
    __rt_lib_shutdown_stdio_1                0x0800018d   Thumb Code     0  libshutdown2.o(.ARM.Collect$$libshutdown$$00000004)
    __rt_lib_shutdown_user_alloc_1           0x0800018d   Thumb Code     0  libshutdown2.o(.ARM.Collect$$libshutdown$$0000000C)
    __rt_entry                               0x0800018f   Thumb Code     0  __rtentry.o(.ARM.Collect$$rtentry$$00000000)
    __rt_entry_presh_1                       0x0800018f   Thumb Code     0  __rtentry2.o(.ARM.Collect$$rtentry$$00000002)
    __rt_entry_sh                            0x0800018f   Thumb Code     0  __rtentry4.o(.ARM.Collect$$rtentry$$00000004)
    __rt_entry_li                            0x08000195   Thumb Code     0  __rtentry2.o(.ARM.Collect$$rtentry$$0000000A)
    __rt_entry_postsh_1                      0x08000195   Thumb Code     0  __rtentry2.o(.ARM.Collect$$rtentry$$00000009)
    __rt_entry_main                          0x08000199   Thumb Code     0  __rtentry2.o(.ARM.Collect$$rtentry$$0000000D)
    __rt_entry_postli_1                      0x08000199   Thumb Code     0  __rtentry2.o(.ARM.Collect$$rtentry$$0000000C)
    __rt_exit                                0x080001a1   Thumb Code     0  rtexit.o(.ARM.Collect$$rtexit$$00000000)
    __rt_exit_ls                             0x080001a3   Thumb Code     0  rtexit2.o(.ARM.Collect$$rtexit$$00000003)
    __rt_exit_prels_1                        0x080001a3   Thumb Code     0  rtexit2.o(.ARM.Collect$$rtexit$$00000002)
    __rt_exit_exit                           0x080001a7   Thumb Code     0  rtexit2.o(.ARM.Collect$$rtexit$$00000004)
    Reset_Handler                            0x080001ad   Thumb Code     8  startup_stm32f10x_md.o(.text)
    ADC1_2_IRQHandler                        0x080001c7   Thumb Code     0  startup_stm32f10x_md.o(.text)
    CAN1_RX1_IRQHandler                      0x080001c7   Thumb Code     0  startup_stm32f10x_md.o(.text)
    CAN1_SCE_IRQHandler                      0x080001c7   Thumb Code     0  startup_stm32f10x_md.o(.text)
    DMA1_Channel1_IRQHandler                 0x080001c7   Thumb Code     0  startup_stm32f10x_md.o(.text)
    DMA1_Channel2_IRQHandler                 0x080001c7   Thumb Code     0  startup_stm32f10x_md.o(.text)
    DMA1_Channel3_IRQHandler                 0x080001c7   Thumb Code     0  startup_stm32f10x_md.o(.text)
    DMA1_Channel4_IRQHandler                 0x080001c7   Thumb Code     0  startup_stm32f10x_md.o(.text)
    DMA1_Channel5_IRQHandler                 0x080001c7   Thumb Code     0  startup_stm32f10x_md.o(.text)
    DMA1_Channel6_IRQHandler                 0x080001c7   Thumb Code     0  startup_stm32f10x_md.o(.text)
    DMA1_Channel7_IRQHandler                 0x080001c7   Thumb Code     0  startup_stm32f10x_md.o(.text)
    EXTI0_IRQHandler                         0x080001c7   Thumb Code     0  startup_stm32f10x_md.o(.text)
    EXTI15_10_IRQHandler                     0x080001c7   Thumb Code     0  startup_stm32f10x_md.o(.text)
    EXTI1_IRQHandler                         0x080001c7   Thumb Code     0  startup_stm32f10x_md.o(.text)
    EXTI2_IRQHandler                         0x080001c7   Thumb Code     0  startup_stm32f10x_md.o(.text)
    EXTI3_IRQHandler                         0x080001c7   Thumb Code     0  startup_stm32f10x_md.o(.text)
    EXTI4_IRQHandler                         0x080001c7   Thumb Code     0  startup_stm32f10x_md.o(.text)
    EXTI9_5_IRQHandler                       0x080001c7   Thumb Code     0  startup_stm32f10x_md.o(.text)
    FLASH_IRQHandler                         0x080001c7   Thumb Code     0  startup_stm32f10x_md.o(.text)
    I2C1_ER_IRQHandler                       0x080001c7   Thumb Code     0  startup_stm32f10x_md.o(.text)
    I2C1_EV_IRQHandler                       0x080001c7   Thumb Code     0  startup_stm32f10x_md.o(.text)
    I2C2_ER_IRQHandler                       0x080001c7   Thumb Code     0  startup_stm32f10x_md.o(.text)
    I2C2_EV_IRQHandler                       0x080001c7   Thumb Code     0  startup_stm32f10x_md.o(.text)
    PVD_IRQHandler                           0x080001c7   Thumb Code     0  startup_stm32f10x_md.o(.text)
    RCC_IRQHandler                           0x080001c7   Thumb Code     0  startup_stm32f10x_md.o(.text)
    RTCAlarm_IRQHandler                      0x080001c7   Thumb Code     0  startup_stm32f10x_md.o(.text)
    RTC_IRQHandler                           0x080001c7   Thumb Code     0  startup_stm32f10x_md.o(.text)
    SPI1_IRQHandler                          0x080001c7   Thumb Code     0  startup_stm32f10x_md.o(.text)
    SPI2_IRQHandler                          0x080001c7   Thumb Code     0  startup_stm32f10x_md.o(.text)
    TAMPER_IRQHandler                        0x080001c7   Thumb Code     0  startup_stm32f10x_md.o(.text)
    TIM1_BRK_IRQHandler                      0x080001c7   Thumb Code     0  startup_stm32f10x_md.o(.text)
    TIM1_CC_IRQHandler                       0x080001c7   Thumb Code     0  startup_stm32f10x_md.o(.text)
    TIM1_TRG_COM_IRQHandler                  0x080001c7   Thumb Code     0  startup_stm32f10x_md.o(.text)
    TIM1_UP_IRQHandler                       0x080001c7   Thumb Code     0  startup_stm32f10x_md.o(.text)
    TIM2_IRQHandler                          0x080001c7   Thumb Code     0  startup_stm32f10x_md.o(.text)
    TIM3_IRQHandler                          0x080001c7   Thumb Code     0  startup_stm32f10x_md.o(.text)
    TIM4_IRQHandler                          0x080001c7   Thumb Code     0  startup_stm32f10x_md.o(.text)
    USART2_IRQHandler                        0x080001c7   Thumb Code     0  startup_stm32f10x_md.o(.text)
    USART3_IRQHandler                        0x080001c7   Thumb Code     0  startup_stm32f10x_md.o(.text)
    USBWakeUp_IRQHandler                     0x080001c7   Thumb Code     0  startup_stm32f10x_md.o(.text)
    USB_HP_CAN1_TX_IRQHandler                0x080001c7   Thumb Code     0  startup_stm32f10x_md.o(.text)
    USB_LP_CAN1_RX0_IRQHandler               0x080001c7   Thumb Code     0  startup_stm32f10x_md.o(.text)
    WWDG_IRQHandler                          0x080001c7   Thumb Code     0  startup_stm32f10x_md.o(.text)
    __user_initial_stackheap                 0x080001c9   Thumb Code     0  startup_stm32f10x_md.o(.text)
    __rt_ctype_table                         0x080001ed   Thumb Code    16  rt_ctype_table.o(.text)
    __2sprintf                               0x080001fd   Thumb Code    34  noretval__2sprintf.o(.text)
    __printf                                 0x08000225   Thumb Code   104  __printf.o(.text)
    _printf_str                              0x0800028d   Thumb Code    82  _printf_str.o(.text)
    __aeabi_memclr4                          0x080002df   Thumb Code     0  rt_memclr_w.o(.text)
    __aeabi_memclr8                          0x080002df   Thumb Code     0  rt_memclr_w.o(.text)
    __rt_memclr_w                            0x080002df   Thumb Code    78  rt_memclr_w.o(.text)
    _memset_w                                0x080002e3   Thumb Code     0  rt_memclr_w.o(.text)
    __use_two_region_memory                  0x0800032d   Thumb Code     2  heapauxi.o(.text)
    __rt_heap_escrow$2region                 0x0800032f   Thumb Code     2  heapauxi.o(.text)
    __rt_heap_expand$2region                 0x08000331   Thumb Code     2  heapauxi.o(.text)
    __rt_locale                              0x08000335   Thumb Code     8  rt_locale_intlibspace.o(.text)
    __read_errno                             0x0800033d   Thumb Code    10  _rserrno.o(.text)
    __set_errno                              0x08000347   Thumb Code    12  _rserrno.o(.text)
    _printf_char_common                      0x0800035f   Thumb Code    32  _printf_char_common.o(.text)
    _sputc                                   0x08000385   Thumb Code    10  _sputc.o(.text)
    _printf_cs_common                        0x0800038f   Thumb Code    20  _printf_char.o(.text)
    _printf_char                             0x080003a3   Thumb Code    16  _printf_char.o(.text)
    _printf_string                           0x080003b3   Thumb Code     8  _printf_char.o(.text)
    __strtod_int                             0x080003f9   Thumb Code    90  strtod.o(.text)
    __user_libspace                          0x08000461   Thumb Code     8  libspace.o(.text)
    __user_perproc_libspace                  0x08000461   Thumb Code     0  libspace.o(.text)
    __user_perthread_libspace                0x08000461   Thumb Code     0  libspace.o(.text)
    __aeabi_errno_addr                       0x08000469   Thumb Code     8  rt_errno_addr_intlibspace.o(.text)
    __errno$intlibspace                      0x08000469   Thumb Code     0  rt_errno_addr_intlibspace.o(.text)
    __rt_errno_addr$intlibspace              0x08000469   Thumb Code     0  rt_errno_addr_intlibspace.o(.text)
    isspace                                  0x08000471   Thumb Code    18  isspace.o(.text)
    _sgetc                                   0x08000483   Thumb Code    30  _sgetc.o(.text)
    _sbackspace                              0x080004a1   Thumb Code    34  _sgetc.o(.text)
    strcmp                                   0x080004c5   Thumb Code   128  strcmpv7m.o(.text)
    __user_setup_stackheap                   0x08000545   Thumb Code    74  sys_stackheap_outer.o(.text)
    _scanf_really_real                       0x080007dd   Thumb Code   684  scanf_fp.o(.text)
    exit                                     0x08000a89   Thumb Code    18  exit.o(.text)
    _btod_etento                             0x08000a9d   Thumb Code   224  bigflt0.o(.text)
    _scanf_really_hex_real                   0x08000b81   Thumb Code   786  scanf_hexfp.o(.text)
    _scanf_really_infnan                     0x08000ea1   Thumb Code   292  scanf_infnan.o(.text)
    _sys_exit                                0x08000fd5   Thumb Code     8  sys_exit.o(.text)
    __I$use$semihosting                      0x08000fe1   Thumb Code     0  use_no_semi.o(.text)
    __use_no_semihosting_swi                 0x08000fe1   Thumb Code     2  use_no_semi.o(.text)
    __aeabi_llsl                             0x08000fe3   Thumb Code     0  llshl.o(.text)
    __semihosting_library_function           0x08000fe3   Thumb Code     0  indicate_semi.o(.text)
    _ll_shift_l                              0x08000fe3   Thumb Code    38  llshl.o(.text)
    _chval                                   0x08001009   Thumb Code    28  _chval.o(.text)
    __btod_div_common                        0x08001025   Thumb Code   696  btod.o(CL$$btod_div_common)
    _e2d                                     0x0800135d   Thumb Code   122  btod.o(CL$$btod_e2d)
    _e2e                                     0x080013e1   Thumb Code   220  btod.o(CL$$btod_e2e)
    _btod_ediv                               0x080014bd   Thumb Code    42  btod.o(CL$$btod_ediv)
    _btod_edivd                              0x080014e7   Thumb Code    42  btod.o(CL$$btod_edivd)
    _btod_emul                               0x08001511   Thumb Code    42  btod.o(CL$$btod_emul)
    _btod_emuld                              0x0800153b   Thumb Code    42  btod.o(CL$$btod_emuld)
    __btod_mult_common                       0x08001565   Thumb Code   580  btod.o(CL$$btod_mult_common)
    AS5600_GetRawData                        0x080017a9   Thumb Code    96  as5600.o(i.AS5600_GetRawData)
    AS5600_Init                              0x08001809   Thumb Code     8  as5600.o(i.AS5600_Init)
    BusFault_Handler                         0x08001811   Thumb Code     4  stm32f10x_it.o(i.BusFault_Handler)
    Check_Sensor                             0x08001815   Thumb Code    92  dfoc.o(i.Check_Sensor)
    DMA_Cmd                                  0x08001889   Thumb Code    24  stm32f10x_dma.o(i.DMA_Cmd)
    DMA_DeInit                               0x080018a1   Thumb Code   324  stm32f10x_dma.o(i.DMA_DeInit)
    DMA_GetCurrDataCounter                   0x080019ed   Thumb Code     8  stm32f10x_dma.o(i.DMA_GetCurrDataCounter)
    DMA_Init                                 0x080019f5   Thumb Code    60  stm32f10x_dma.o(i.DMA_Init)
    DMA_SetCurrDataCounter                   0x08001a31   Thumb Code     4  stm32f10x_dma.o(i.DMA_SetCurrDataCounter)
    DebugMon_Handler                         0x08001a35   Thumb Code     2  stm32f10x_it.o(i.DebugMon_Handler)
    FOC_Init                                 0x08001a39   Thumb Code    22  dfoc.o(i.FOC_Init)
    FX_pid_location                          0x08001a55   Thumb Code    20  pid.o(i.FX_pid_location)
    FY_pid_location                          0x08001a75   Thumb Code    20  pid.o(i.FY_pid_location)
    GPIO_Init                                0x08001a95   Thumb Code   278  stm32f10x_gpio.o(i.GPIO_Init)
    GPIO_ReadInputDataBit                    0x08001bab   Thumb Code    18  stm32f10x_gpio.o(i.GPIO_ReadInputDataBit)
    GPIO_SetBits                             0x08001bbd   Thumb Code     4  stm32f10x_gpio.o(i.GPIO_SetBits)
    GPIO_WriteBit                            0x08001bc1   Thumb Code    10  stm32f10x_gpio.o(i.GPIO_WriteBit)
    GetAngle_NoTrack                         0x08001bcd   Thumb Code    44  as5600.o(i.GetAngle_NoTrack)
    HardFault_Handler                        0x08001bfd   Thumb Code     4  stm32f10x_it.o(i.HardFault_Handler)
    I2C_R_SDA                                0x08001c01   Thumb Code    18  as5600.o(i.I2C_R_SDA)
    I2C_RecviveAck                           0x08001c1d   Thumb Code    30  as5600.o(i.I2C_RecviveAck)
    I2C_RecviveData                          0x08001c3b   Thumb Code    52  as5600.o(i.I2C_RecviveData)
    I2C_SendAck                              0x08001c6f   Thumb Code    24  as5600.o(i.I2C_SendAck)
    I2C_SendByte                             0x08001c87   Thumb Code    42  as5600.o(i.I2C_SendByte)
    I2C_Start                                0x08001cb1   Thumb Code    28  as5600.o(i.I2C_Start)
    I2C_Stop                                 0x08001ccd   Thumb Code    22  as5600.o(i.I2C_Stop)
    I2C_W_SCL                                0x08001ce5   Thumb Code    18  as5600.o(i.I2C_W_SCL)
    I2C_W_SDA                                0x08001d01   Thumb Code    18  as5600.o(i.I2C_W_SDA)
    LegVMC_Calc                              0x08001d1d   Thumb Code  1608  vmc.o(i.LegVMC_Calc)
    LegVMC_Init                              0x08002369   Thumb Code    32  vmc.o(i.LegVMC_Init)
    LegVMC_SetTarget                         0x0800239d   Thumb Code     6  vmc.o(i.LegVMC_SetTarget)
    M0_PWM_A                                 0x080023a3   Thumb Code    24  pwm.o(i.M0_PWM_A)
    M0_PWM_B                                 0x080023bb   Thumb Code    24  pwm.o(i.M0_PWM_B)
    M0_PWM_C                                 0x080023d3   Thumb Code    24  pwm.o(i.M0_PWM_C)
    M0_electricAngle                         0x080023ed   Thumb Code    68  dfoc.o(i.M0_electricAngle)
    M1_PWM_A                                 0x08002441   Thumb Code    24  pwm.o(i.M1_PWM_A)
    M1_PWM_B                                 0x08002459   Thumb Code    22  pwm.o(i.M1_PWM_B)
    M1_PWM_C                                 0x08002475   Thumb Code    22  pwm.o(i.M1_PWM_C)
    M1_electricAngle                         0x08002491   Thumb Code    68  dfoc.o(i.M1_electricAngle)
    MYDMA1_Enable                            0x080024e5   Thumb Code    30  serial.o(i.MYDMA1_Enable)
    MemManage_Handler                        0x08002503   Thumb Code     4  stm32f10x_it.o(i.MemManage_Handler)
    Motor_en                                 0x08002509   Thumb Code    48  dfoc.o(i.Motor_en)
    MyI2C_Init                               0x0800253d   Thumb Code    50  as5600.o(i.MyI2C_Init)
    NMI_Handler                              0x08002575   Thumb Code     2  stm32f10x_it.o(i.NMI_Handler)
    NVIC_Init                                0x08002579   Thumb Code   100  misc.o(i.NVIC_Init)
    NVIC_PriorityGroupConfig                 0x080025e9   Thumb Code    10  misc.o(i.NVIC_PriorityGroupConfig)
    PID_location                             0x080025fd   Thumb Code   206  pid.o(i.PID_location)
    PWM_Init                                 0x080026cd   Thumb Code   278  pwm.o(i.PWM_Init)
    PendSV_Handler                           0x080027ed   Thumb Code     2  stm32f10x_it.o(i.PendSV_Handler)
    RCC_AHBPeriphClockCmd                    0x080027f1   Thumb Code    26  stm32f10x_rcc.o(i.RCC_AHBPeriphClockCmd)
    RCC_APB1PeriphClockCmd                   0x08002811   Thumb Code    26  stm32f10x_rcc.o(i.RCC_APB1PeriphClockCmd)
    RCC_APB1PeriphResetCmd                   0x08002831   Thumb Code    26  stm32f10x_rcc.o(i.RCC_APB1PeriphResetCmd)
    RCC_APB2PeriphClockCmd                   0x08002851   Thumb Code    26  stm32f10x_rcc.o(i.RCC_APB2PeriphClockCmd)
    RCC_APB2PeriphResetCmd                   0x08002871   Thumb Code    26  stm32f10x_rcc.o(i.RCC_APB2PeriphResetCmd)
    RCC_GetClocksFreq                        0x08002891   Thumb Code   192  stm32f10x_rcc.o(i.RCC_GetClocksFreq)
    SVC_Handler                              0x08002965   Thumb Code     2  stm32f10x_it.o(i.SVC_Handler)
    Serial_Init                              0x08002969   Thumb Code   252  serial.o(i.Serial_Init)
    Serial_SendByte                          0x08002a75   Thumb Code    28  serial.o(i.Serial_SendByte)
    Serial_SendString                        0x08002a95   Thumb Code    22  serial.o(i.Serial_SendString)
    SetPhaseVoltage                          0x08002aad   Thumb Code   354  dfoc.o(i.SetPhaseVoltage)
    SetPwm                                   0x08002c19   Thumb Code   324  dfoc.o(i.SetPwm)
    Set_Ang_Sensor                           0x08002e59   Thumb Code    36  as5600.o(i.Set_Ang_Sensor)
    SysTick_Handler                          0x08002e85   Thumb Code     2  stm32f10x_it.o(i.SysTick_Handler)
    SystemInit                               0x08002e89   Thumb Code    78  system_stm32f10x.o(i.SystemInit)
    Systick_CountMode                        0x08002ee9   Thumb Code    18  delay.o(i.Systick_CountMode)
    TIM_Cmd                                  0x08002f01   Thumb Code    24  stm32f10x_tim.o(i.TIM_Cmd)
    TIM_InternalClockConfig                  0x08002f19   Thumb Code    12  stm32f10x_tim.o(i.TIM_InternalClockConfig)
    TIM_OC1Init                              0x08002f25   Thumb Code   132  stm32f10x_tim.o(i.TIM_OC1Init)
    TIM_OC2Init                              0x08002fbd   Thumb Code   154  stm32f10x_tim.o(i.TIM_OC2Init)
    TIM_OC3Init                              0x08003061   Thumb Code   150  stm32f10x_tim.o(i.TIM_OC3Init)
    TIM_OC4Init                              0x08003101   Thumb Code   114  stm32f10x_tim.o(i.TIM_OC4Init)
    TIM_OCStructInit                         0x0800317d   Thumb Code    20  stm32f10x_tim.o(i.TIM_OCStructInit)
    TIM_SetCompare1                          0x08003191   Thumb Code     4  stm32f10x_tim.o(i.TIM_SetCompare1)
    TIM_SetCompare2                          0x08003195   Thumb Code     4  stm32f10x_tim.o(i.TIM_SetCompare2)
    TIM_SetCompare3                          0x08003199   Thumb Code     4  stm32f10x_tim.o(i.TIM_SetCompare3)
    TIM_SetCompare4                          0x0800319d   Thumb Code     6  stm32f10x_tim.o(i.TIM_SetCompare4)
    TIM_TimeBaseInit                         0x080031a5   Thumb Code   122  stm32f10x_tim.o(i.TIM_TimeBaseInit)
    USART1_IRQHandler                        0x08003249   Thumb Code   476  serial.o(i.USART1_IRQHandler)
    USART_ClearITPendingBit                  0x08003459   Thumb Code    30  stm32f10x_usart.o(i.USART_ClearITPendingBit)
    USART_Cmd                                0x08003477   Thumb Code    24  stm32f10x_usart.o(i.USART_Cmd)
    USART_DMACmd                             0x0800348f   Thumb Code    18  stm32f10x_usart.o(i.USART_DMACmd)
    USART_DeInit                             0x080034a1   Thumb Code   134  stm32f10x_usart.o(i.USART_DeInit)
    USART_GetFlagStatus                      0x0800353d   Thumb Code    26  stm32f10x_usart.o(i.USART_GetFlagStatus)
    USART_GetITStatus                        0x08003557   Thumb Code    84  stm32f10x_usart.o(i.USART_GetITStatus)
    USART_ITConfig                           0x080035ab   Thumb Code    74  stm32f10x_usart.o(i.USART_ITConfig)
    USART_Init                               0x080035f5   Thumb Code   210  stm32f10x_usart.o(i.USART_Init)
    USART_ReceiveData                        0x080036cd   Thumb Code    10  stm32f10x_usart.o(i.USART_ReceiveData)
    USART_SendData                           0x080036d7   Thumb Code     8  stm32f10x_usart.o(i.USART_SendData)
    UsageFault_Handler                       0x080036df   Thumb Code     4  stm32f10x_it.o(i.UsageFault_Handler)
    __ARM_fpclassify                         0x080036e3   Thumb Code    40  fpclassify.o(i.__ARM_fpclassify)
    __ARM_fpclassifyf                        0x0800370b   Thumb Code    38  fpclassifyf.o(i.__ARM_fpclassifyf)
    __ieee754_rem_pio2                       0x08003731   Thumb Code   828  rred.o(i.__ieee754_rem_pio2)
    __kernel_cos                             0x08003ab9   Thumb Code   230  cos_i.o(i.__kernel_cos)
    __kernel_poly                            0x08003bb5   Thumb Code   170  poly.o(i.__kernel_poly)
    __kernel_sin                             0x08003c61   Thumb Code   224  sin_i.o(i.__kernel_sin)
    __mathlib_dbl_infnan                     0x08003d4d   Thumb Code     6  dunder.o(i.__mathlib_dbl_infnan)
    __mathlib_dbl_invalid                    0x08003d53   Thumb Code    12  dunder.o(i.__mathlib_dbl_invalid)
    __mathlib_dbl_overflow                   0x08003d5f   Thumb Code    14  dunder.o(i.__mathlib_dbl_overflow)
    __mathlib_dbl_underflow                  0x08003d6d   Thumb Code    10  dunder.o(i.__mathlib_dbl_underflow)
    __mathlib_flt_infnan                     0x08003d7d   Thumb Code     6  funder.o(i.__mathlib_flt_infnan)
    __mathlib_flt_infnan2                    0x08003d83   Thumb Code     4  funder.o(i.__mathlib_flt_infnan2)
    __mathlib_flt_invalid                    0x08003d87   Thumb Code     8  funder.o(i.__mathlib_flt_invalid)
    __mathlib_flt_underflow                  0x08003d8f   Thumb Code    10  funder.o(i.__mathlib_flt_underflow)
    __mathlib_narrow                         0x08003d99   Thumb Code    16  narrow.o(i.__mathlib_narrow)
    __mathlib_rredf2                         0x08003da9   Thumb Code   344  rredf.o(i.__mathlib_rredf2)
    __mathlib_tofloat                        0x08003f11   Thumb Code   184  narrow.o(i.__mathlib_tofloat)
    __support_ldexp                          0x08003fcd   Thumb Code    22  ldexp.o(i.__support_ldexp)
    _is_digit                                0x08003fe3   Thumb Code    14  __printf_wp.o(i._is_digit)
    atan2f                                   0x08003ff1   Thumb Code   528  atan2f.o(i.atan2f)
    atof                                     0x0800424d   Thumb Code    42  atof.o(i.atof)
    constrain                                0x08004277   Thumb Code    40  dfoc.o(i.constrain)
    cos                                      0x080042a1   Thumb Code   148  cos.o(i.cos)
    cosf                                     0x0800433d   Thumb Code   328  cosf.o(i.cosf)
    delay_ms                                 0x080044b9   Thumb Code    32  delay.o(i.delay_ms)
    fmod                                     0x080044d9   Thumb Code   144  fmod.o(i.fmod)
    frexp                                    0x0800456d   Thumb Code    80  frexp.o(i.frexp)
    ldexp                                    0x080045c5   Thumb Code   116  ldexp.o(i.ldexp)
    main                                     0x08004639   Thumb Code   416  main.o(i.main)
    normalizeAngle                           0x08004845   Thumb Code    58  dfoc.o(i.normalizeAngle)
    pid_init                                 0x08004889   Thumb Code    28  pid.o(i.pid_init)
    sin                                      0x080048ad   Thumb Code   150  sin.o(i.sin)
    sinf                                     0x0800494d   Thumb Code   338  sinf.o(i.sinf)
    sqrt                                     0x08004ad5   Thumb Code    76  sqrt.o(i.sqrt)
    sqrtf                                    0x08004b21   Thumb Code    44  sqrtf.o(i.sqrtf)
    _get_lc_ctype                            0x08004b4d   Thumb Code    44  lc_ctype_c.o(locale$$code)
    _get_lc_numeric                          0x08004b79   Thumb Code    44  lc_numeric_c.o(locale$$code)
    __aeabi_d2f                              0x08004ba5   Thumb Code     0  d2f.o(x$fpl$d2f)
    _d2f                                     0x08004ba5   Thumb Code    98  d2f.o(x$fpl$d2f)
    __aeabi_dadd                             0x08004c09   Thumb Code     0  daddsub_clz.o(x$fpl$dadd)
    _dadd                                    0x08004c09   Thumb Code   332  daddsub_clz.o(x$fpl$dadd)
    __fpl_dcheck_NaN1                        0x08004d59   Thumb Code    10  dcheck1.o(x$fpl$dcheck1)
    __fpl_dcmp_Inf                           0x08004d69   Thumb Code    24  dcmpi.o(x$fpl$dcmpinf)
    __aeabi_ddiv                             0x08004d81   Thumb Code     0  ddiv.o(x$fpl$ddiv)
    _ddiv                                    0x08004d81   Thumb Code   552  ddiv.o(x$fpl$ddiv)
    __aeabi_cdcmpeq                          0x08005031   Thumb Code     0  deqf.o(x$fpl$deqf)
    _dcmpeq                                  0x08005031   Thumb Code   120  deqf.o(x$fpl$deqf)
    __aeabi_d2iz                             0x080050a9   Thumb Code     0  dfix.o(x$fpl$dfix)
    _dfix                                    0x080050a9   Thumb Code    94  dfix.o(x$fpl$dfix)
    __aeabi_i2d                              0x08005107   Thumb Code     0  dflt_clz.o(x$fpl$dflt)
    _dflt                                    0x08005107   Thumb Code    46  dflt_clz.o(x$fpl$dflt)
    __aeabi_ui2d                             0x08005135   Thumb Code     0  dflt_clz.o(x$fpl$dfltu)
    _dfltu                                   0x08005135   Thumb Code    38  dflt_clz.o(x$fpl$dfltu)
    __aeabi_cdcmple                          0x0800515d   Thumb Code     0  dleqf.o(x$fpl$dleqf)
    _dcmple                                  0x0800515d   Thumb Code   120  dleqf.o(x$fpl$dleqf)
    __fpl_dcmple_InfNaN                      0x080051bf   Thumb Code     0  dleqf.o(x$fpl$dleqf)
    __aeabi_dmul                             0x080051d5   Thumb Code     0  dmul.o(x$fpl$dmul)
    _dmul                                    0x080051d5   Thumb Code   332  dmul.o(x$fpl$dmul)
    __fpl_dnaninf                            0x08005329   Thumb Code   156  dnaninf.o(x$fpl$dnaninf)
    _drem                                    0x080053c5   Thumb Code   328  drem_clz.o(x$fpl$drem)
    __fpl_dretinf                            0x08005515   Thumb Code    12  dretinf.o(x$fpl$dretinf)
    __aeabi_cdrcmple                         0x08005521   Thumb Code     0  drleqf.o(x$fpl$drleqf)
    _drcmple                                 0x08005521   Thumb Code   108  drleqf.o(x$fpl$drleqf)
    __aeabi_drsub                            0x0800558d   Thumb Code     0  daddsub_clz.o(x$fpl$drsb)
    _drsb                                    0x0800558d   Thumb Code    22  daddsub_clz.o(x$fpl$drsb)
    _dsqrt                                   0x080055a5   Thumb Code   456  dsqrt_noumaal.o(x$fpl$dsqrt)
    __aeabi_dsub                             0x08005771   Thumb Code     0  daddsub_clz.o(x$fpl$dsub)
    _dsub                                    0x08005771   Thumb Code   464  daddsub_clz.o(x$fpl$dsub)
    __aeabi_f2d                              0x08005945   Thumb Code     0  f2d.o(x$fpl$f2d)
    _f2d                                     0x08005945   Thumb Code    86  f2d.o(x$fpl$f2d)
    __aeabi_fadd                             0x0800599d   Thumb Code     0  faddsub_clz.o(x$fpl$fadd)
    _fadd                                    0x0800599d   Thumb Code   196  faddsub_clz.o(x$fpl$fadd)
    __fpl_fcheck_NaN1                        0x08005a61   Thumb Code     6  fcheck1.o(x$fpl$fcheck1)
    __fpl_fcmp_Inf                           0x08005a6d   Thumb Code    24  fcmpi.o(x$fpl$fcmpinf)
    __aeabi_fdiv                             0x08005a85   Thumb Code     0  fdiv.o(x$fpl$fdiv)
    _fdiv                                    0x08005a85   Thumb Code   384  fdiv.o(x$fpl$fdiv)
    __aeabi_cfcmpeq                          0x08005c09   Thumb Code     0  feqf.o(x$fpl$feqf)
    _fcmpeq                                  0x08005c09   Thumb Code   104  feqf.o(x$fpl$feqf)
    __aeabi_f2iz                             0x08005c71   Thumb Code     0  ffix.o(x$fpl$ffix)
    _ffix                                    0x08005c71   Thumb Code    54  ffix.o(x$fpl$ffix)
    __aeabi_f2uiz                            0x08005ca9   Thumb Code     0  ffixu.o(x$fpl$ffixu)
    _ffixu                                   0x08005ca9   Thumb Code    62  ffixu.o(x$fpl$ffixu)
    __aeabi_i2f                              0x08005ce9   Thumb Code     0  fflt_clz.o(x$fpl$fflt)
    _fflt                                    0x08005ce9   Thumb Code    48  fflt_clz.o(x$fpl$fflt)
    __aeabi_ui2f                             0x08005d19   Thumb Code     0  fflt_clz.o(x$fpl$ffltu)
    _ffltu                                   0x08005d19   Thumb Code    38  fflt_clz.o(x$fpl$ffltu)
    __aeabi_cfcmple                          0x08005d41   Thumb Code     0  fleqf.o(x$fpl$fleqf)
    _fcmple                                  0x08005d41   Thumb Code   104  fleqf.o(x$fpl$fleqf)
    __fpl_fcmple_InfNaN                      0x08005d93   Thumb Code     0  fleqf.o(x$fpl$fleqf)
    __aeabi_fmul                             0x08005da9   Thumb Code     0  fmul.o(x$fpl$fmul)
    _fmul                                    0x08005da9   Thumb Code   258  fmul.o(x$fpl$fmul)
    __fpl_fnaninf                            0x08005eab   Thumb Code   140  fnaninf.o(x$fpl$fnaninf)
    __fpl_fretinf                            0x08005f37   Thumb Code    10  fretinf.o(x$fpl$fretinf)
    __aeabi_cfrcmple                         0x08005f41   Thumb Code     0  frleqf.o(x$fpl$frleqf)
    _frcmple                                 0x08005f41   Thumb Code    98  frleqf.o(x$fpl$frleqf)
    _frnd                                    0x08005fa5   Thumb Code    96  frnd.o(x$fpl$frnd)
    __aeabi_frsub                            0x08006005   Thumb Code     0  faddsub_clz.o(x$fpl$frsb)
    _frsb                                    0x08006005   Thumb Code    20  faddsub_clz.o(x$fpl$frsb)
    _fsqrt                                   0x08006019   Thumb Code   272  fsqrt.o(x$fpl$fsqrt)
    __aeabi_fsub                             0x08006129   Thumb Code     0  faddsub_clz.o(x$fpl$fsub)
    _fsub                                    0x08006129   Thumb Code   234  faddsub_clz.o(x$fpl$fsub)
    __ieee_status                            0x08006213   Thumb Code     6  istatus.o(x$fpl$ieeestatus)
    __fpl_return_NaN                         0x08006219   Thumb Code   100  retnan.o(x$fpl$retnan)
    __ARM_scalbn                             0x0800627d   Thumb Code    92  scalbn.o(x$fpl$scalbn)
    __ARM_scalbnf                            0x080062d9   Thumb Code    76  scalbnf.o(x$fpl$scalbnf)
    _scanf_real                              0x08006325   Thumb Code     4  scanf1.o(x$fpl$scanf1)
    _scanf_hex_real                          0x08006329   Thumb Code     4  scanf2.o(x$fpl$scanf2)
    _scanf_infnan                            0x0800632d   Thumb Code     4  scanf2.o(x$fpl$scanf2)
    __fpl_cmpreturn                          0x08006331   Thumb Code    48  trapv.o(x$fpl$trapveneer)
    __I$use$fp                               0x08006360   Number         0  usenofp.o(x$fpl$usenofp)
    Region$$Table$$Base                      0x08006534   Number         0  anon$$obj.o(Region$$Table)
    Region$$Table$$Limit                     0x08006554   Number         0  anon$$obj.o(Region$$Table)
    __aeabi_HUGE_VAL                         0x08006554   Data           0  fpconst.o(c$$dinf)
    __aeabi_HUGE_VALL                        0x08006554   Data           0  fpconst.o(c$$dinf)
    __aeabi_INFINITY                         0x08006554   Data           0  fpconst.o(c$$dinf)
    __dInf                                   0x08006554   Data           0  fpconst.o(c$$dinf)
    __huge_val                               0x08006554   Data           0  fpconst.o(c$$dinf)
    __dbl_max                                0x0800655c   Data           0  fpconst.o(c$$dmax)
    __ctype                                  0x08006571   Data           0  lc_ctype_c.o(locale$$data)
    M0_PP                                    0x20000014   Data           4  main.o(.data)
    M0_DIR                                   0x20000018   Data           4  main.o(.data)
    M1_PP                                    0x2000001c   Data           4  main.o(.data)
    M1_DIR                                   0x20000020   Data           4  main.o(.data)
    Motor0                                   0x20000024   Data           4  main.o(.data)
    Motor1                                   0x20000028   Data           4  main.o(.data)
    real_ph0_temp                            0x2000002c   Data           4  main.o(.data)
    real_ph0                                 0x20000030   Data           4  main.o(.data)
    real_ph4_temp                            0x20000034   Data           4  main.o(.data)
    real_ph4                                 0x20000038   Data           4  main.o(.data)
    target_x                                 0x2000003c   Data           4  main.o(.data)
    targrt_y                                 0x20000040   Data           4  main.o(.data)
    last_torque_0                            0x20000044   Data           4  main.o(.data)
    last_torque_1                            0x20000048   Data           4  main.o(.data)
    M1                                       0x2000004c   Data          36  dfoc.o(.data)
    M0_VEL_PID                               0x20000070   Data          28  dfoc.o(.data)
    M1_VEL_PID                               0x2000008c   Data          28  dfoc.o(.data)
    M0_VEL_Filter                            0x200000a8   Data          12  dfoc.o(.data)
    M1_VEL_Filter                            0x200000b4   Data          12  dfoc.o(.data)
    Angle_Sensor1                            0x200000c0   Data          28  dfoc.o(.data)
    voltage_limit                            0x200000dc   Data           4  dfoc.o(.data)
    voltage_power_supply                     0x200000e0   Data           4  dfoc.o(.data)
    M0_zero_elc_Angle                        0x200000e4   Data           4  dfoc.o(.data)
    M1_zero_elc_Angle                        0x200000e8   Data           4  dfoc.o(.data)
    FX_PID_OUT                               0x200000ec   Data           4  pid.o(.data)
    FY_PID_OUT                               0x200000f0   Data           4  pid.o(.data)
    Usart1_Rec_Cnt                           0x200000f4   Data           4  serial.o(.data)
    M0_Target                                0x200000f8   Data           4  serial.o(.data)
    M1_Target                                0x200000fc   Data           4  serial.o(.data)
    SCL_PIN                                  0x20000100   Data           2  as5600.o(.data)
    SDA_PIN                                  0x20000102   Data           2  as5600.o(.data)
    M0                                       0x20000104   Data          36  dfoc.o(.bss)
    Angle_Sensor0                            0x20000128   Data          28  dfoc.o(.bss)
    LEG_DATA                                 0x20000144   Data         132  vmc.o(.bss)
    FX_PID                                   0x200001c8   Data          36  pid.o(.bss)
    FY_PID                                   0x200001ec   Data          36  pid.o(.bss)
    DMA_Rece_Buf1                            0x20000210   Data         400  serial.o(.bss)
    str                                      0x200003a0   Data          10  serial.o(.bss)
    __libspace_start                         0x200003ac   Data          96  libspace.o(.bss)
    __temporary_stack_top$libspace           0x2000040c   Data           0  libspace.o(.bss)



==============================================================================

Memory Map of the image

  Image Entry point : 0x080000ed

  Load Region LR_IROM1 (Base: 0x08000000, Size: 0x00006794, Max: 0x00010000, ABSOLUTE)

    Execution Region ER_IROM1 (Exec base: 0x08000000, Load base: 0x08000000, Size: 0x00006690, Max: 0x00010000, ABSOLUTE)

    Exec Addr    Load Addr    Size         Type   Attr      Idx    E Section Name        Object

    0x08000000   0x08000000   0x000000ec   Data   RO            3    RESET               startup_stm32f10x_md.o
    0x080000ec   0x080000ec   0x00000008   Code   RO         3910  * !!!main             c_w.l(__main.o)
    0x080000f4   0x080000f4   0x00000034   Code   RO         4390    !!!scatter          c_w.l(__scatter.o)
    0x08000128   0x08000128   0x0000001a   Code   RO         4392    !!handler_copy      c_w.l(__scatter_copy.o)
    0x08000142   0x08000142   0x00000002   PAD
    0x08000144   0x08000144   0x0000001c   Code   RO         4394    !!handler_zi        c_w.l(__scatter_zi.o)
    0x08000160   0x08000160   0x00000000   Code   RO         3905    .ARM.Collect$$_printf_percent$$00000000  c_w.l(_printf_percent.o)
    0x08000160   0x08000160   0x00000006   Code   RO         3904    .ARM.Collect$$_printf_percent$$00000014  c_w.l(_printf_s.o)
    0x08000166   0x08000166   0x00000004   Code   RO         4048    .ARM.Collect$$_printf_percent$$00000017  c_w.l(_printf_percent_end.o)
    0x0800016a   0x0800016a   0x00000002   Code   RO         4232    .ARM.Collect$$libinit$$00000000  c_w.l(libinit.o)
    0x0800016c   0x0800016c   0x00000000   Code   RO         4161    .ARM.Collect$$libinit$$00000002  c_w.l(libinit2.o)
    0x0800016c   0x0800016c   0x00000000   Code   RO         4163    .ARM.Collect$$libinit$$00000004  c_w.l(libinit2.o)
    0x0800016c   0x0800016c   0x00000000   Code   RO         4166    .ARM.Collect$$libinit$$0000000A  c_w.l(libinit2.o)
    0x0800016c   0x0800016c   0x00000000   Code   RO         4168    .ARM.Collect$$libinit$$0000000C  c_w.l(libinit2.o)
    0x0800016c   0x0800016c   0x00000000   Code   RO         4170    .ARM.Collect$$libinit$$0000000E  c_w.l(libinit2.o)
    0x0800016c   0x0800016c   0x00000006   Code   RO         4171    .ARM.Collect$$libinit$$0000000F  c_w.l(libinit2.o)
    0x08000172   0x08000172   0x00000000   Code   RO         4173    .ARM.Collect$$libinit$$00000011  c_w.l(libinit2.o)
    0x08000172   0x08000172   0x0000000c   Code   RO         4174    .ARM.Collect$$libinit$$00000012  c_w.l(libinit2.o)
    0x0800017e   0x0800017e   0x00000000   Code   RO         4175    .ARM.Collect$$libinit$$00000013  c_w.l(libinit2.o)
    0x0800017e   0x0800017e   0x00000000   Code   RO         4177    .ARM.Collect$$libinit$$00000015  c_w.l(libinit2.o)
    0x0800017e   0x0800017e   0x0000000a   Code   RO         4178    .ARM.Collect$$libinit$$00000016  c_w.l(libinit2.o)
    0x08000188   0x08000188   0x00000000   Code   RO         4179    .ARM.Collect$$libinit$$00000017  c_w.l(libinit2.o)
    0x08000188   0x08000188   0x00000000   Code   RO         4181    .ARM.Collect$$libinit$$00000019  c_w.l(libinit2.o)
    0x08000188   0x08000188   0x00000000   Code   RO         4183    .ARM.Collect$$libinit$$0000001B  c_w.l(libinit2.o)
    0x08000188   0x08000188   0x00000000   Code   RO         4185    .ARM.Collect$$libinit$$0000001D  c_w.l(libinit2.o)
    0x08000188   0x08000188   0x00000000   Code   RO         4187    .ARM.Collect$$libinit$$0000001F  c_w.l(libinit2.o)
    0x08000188   0x08000188   0x00000000   Code   RO         4189    .ARM.Collect$$libinit$$00000021  c_w.l(libinit2.o)
    0x08000188   0x08000188   0x00000000   Code   RO         4191    .ARM.Collect$$libinit$$00000023  c_w.l(libinit2.o)
    0x08000188   0x08000188   0x00000000   Code   RO         4193    .ARM.Collect$$libinit$$00000025  c_w.l(libinit2.o)
    0x08000188   0x08000188   0x00000000   Code   RO         4197    .ARM.Collect$$libinit$$0000002C  c_w.l(libinit2.o)
    0x08000188   0x08000188   0x00000000   Code   RO         4199    .ARM.Collect$$libinit$$0000002E  c_w.l(libinit2.o)
    0x08000188   0x08000188   0x00000000   Code   RO         4201    .ARM.Collect$$libinit$$00000030  c_w.l(libinit2.o)
    0x08000188   0x08000188   0x00000000   Code   RO         4203    .ARM.Collect$$libinit$$00000032  c_w.l(libinit2.o)
    0x08000188   0x08000188   0x00000002   Code   RO         4204    .ARM.Collect$$libinit$$00000033  c_w.l(libinit2.o)
    0x0800018a   0x0800018a   0x00000002   Code   RO         4334    .ARM.Collect$$libshutdown$$00000000  c_w.l(libshutdown.o)
    0x0800018c   0x0800018c   0x00000000   Code   RO         4352    .ARM.Collect$$libshutdown$$00000002  c_w.l(libshutdown2.o)
    0x0800018c   0x0800018c   0x00000000   Code   RO         4354    .ARM.Collect$$libshutdown$$00000004  c_w.l(libshutdown2.o)
    0x0800018c   0x0800018c   0x00000000   Code   RO         4357    .ARM.Collect$$libshutdown$$00000007  c_w.l(libshutdown2.o)
    0x0800018c   0x0800018c   0x00000000   Code   RO         4360    .ARM.Collect$$libshutdown$$0000000A  c_w.l(libshutdown2.o)
    0x0800018c   0x0800018c   0x00000000   Code   RO         4362    .ARM.Collect$$libshutdown$$0000000C  c_w.l(libshutdown2.o)
    0x0800018c   0x0800018c   0x00000000   Code   RO         4365    .ARM.Collect$$libshutdown$$0000000F  c_w.l(libshutdown2.o)
    0x0800018c   0x0800018c   0x00000002   Code   RO         4366    .ARM.Collect$$libshutdown$$00000010  c_w.l(libshutdown2.o)
    0x0800018e   0x0800018e   0x00000000   Code   RO         4034    .ARM.Collect$$rtentry$$00000000  c_w.l(__rtentry.o)
    0x0800018e   0x0800018e   0x00000000   Code   RO         4130    .ARM.Collect$$rtentry$$00000002  c_w.l(__rtentry2.o)
    0x0800018e   0x0800018e   0x00000006   Code   RO         4142    .ARM.Collect$$rtentry$$00000004  c_w.l(__rtentry4.o)
    0x08000194   0x08000194   0x00000000   Code   RO         4132    .ARM.Collect$$rtentry$$00000009  c_w.l(__rtentry2.o)
    0x08000194   0x08000194   0x00000004   Code   RO         4133    .ARM.Collect$$rtentry$$0000000A  c_w.l(__rtentry2.o)
    0x08000198   0x08000198   0x00000000   Code   RO         4135    .ARM.Collect$$rtentry$$0000000C  c_w.l(__rtentry2.o)
    0x08000198   0x08000198   0x00000008   Code   RO         4136    .ARM.Collect$$rtentry$$0000000D  c_w.l(__rtentry2.o)
    0x080001a0   0x080001a0   0x00000002   Code   RO         4239    .ARM.Collect$$rtexit$$00000000  c_w.l(rtexit.o)
    0x080001a2   0x080001a2   0x00000000   Code   RO         4293    .ARM.Collect$$rtexit$$00000002  c_w.l(rtexit2.o)
    0x080001a2   0x080001a2   0x00000004   Code   RO         4294    .ARM.Collect$$rtexit$$00000003  c_w.l(rtexit2.o)
    0x080001a6   0x080001a6   0x00000006   Code   RO         4295    .ARM.Collect$$rtexit$$00000004  c_w.l(rtexit2.o)
    0x080001ac   0x080001ac   0x00000040   Code   RO            4    .text               startup_stm32f10x_md.o
    0x080001ec   0x080001ec   0x00000010   Code   RO         3874    .text               c_w.l(rt_ctype_table.o)
    0x080001fc   0x080001fc   0x00000028   Code   RO         3878    .text               c_w.l(noretval__2sprintf.o)
    0x08000224   0x08000224   0x00000068   Code   RO         3880    .text               c_w.l(__printf.o)
    0x0800028c   0x0800028c   0x00000052   Code   RO         3882    .text               c_w.l(_printf_str.o)
    0x080002de   0x080002de   0x0000004e   Code   RO         3906    .text               c_w.l(rt_memclr_w.o)
    0x0800032c   0x0800032c   0x00000006   Code   RO         3908    .text               c_w.l(heapauxi.o)
    0x08000332   0x08000332   0x00000002   PAD
    0x08000334   0x08000334   0x00000008   Code   RO         4038    .text               c_w.l(rt_locale_intlibspace.o)
    0x0800033c   0x0800033c   0x00000016   Code   RO         4040    .text               c_w.l(_rserrno.o)
    0x08000352   0x08000352   0x00000002   PAD
    0x08000354   0x08000354   0x00000030   Code   RO         4042    .text               c_w.l(_printf_char_common.o)
    0x08000384   0x08000384   0x0000000a   Code   RO         4044    .text               c_w.l(_sputc.o)
    0x0800038e   0x0800038e   0x0000002c   Code   RO         4046    .text               c_w.l(_printf_char.o)
    0x080003ba   0x080003ba   0x00000002   PAD
    0x080003bc   0x080003bc   0x000000a4   Code   RO         4049    .text               c_w.l(strtod.o)
    0x08000460   0x08000460   0x00000008   Code   RO         4126    .text               c_w.l(libspace.o)
    0x08000468   0x08000468   0x00000008   Code   RO         4147    .text               c_w.l(rt_errno_addr_intlibspace.o)
    0x08000470   0x08000470   0x00000012   Code   RO         4149    .text               c_w.l(isspace.o)
    0x08000482   0x08000482   0x00000040   Code   RO         4153    .text               c_w.l(_sgetc.o)
    0x080004c2   0x080004c2   0x00000002   PAD
    0x080004c4   0x080004c4   0x00000080   Code   RO         4158    .text               c_w.l(strcmpv7m.o)
    0x08000544   0x08000544   0x0000004a   Code   RO         4219    .text               c_w.l(sys_stackheap_outer.o)
    0x0800058e   0x0800058e   0x00000002   PAD
    0x08000590   0x08000590   0x000004f8   Code   RO         4221    .text               c_w.l(scanf_fp.o)
    0x08000a88   0x08000a88   0x00000012   Code   RO         4223    .text               c_w.l(exit.o)
    0x08000a9a   0x08000a9a   0x00000002   PAD
    0x08000a9c   0x08000a9c   0x000000e4   Code   RO         4241    .text               c_w.l(bigflt0.o)
    0x08000b80   0x08000b80   0x00000320   Code   RO         4301    .text               c_w.l(scanf_hexfp.o)
    0x08000ea0   0x08000ea0   0x00000134   Code   RO         4303    .text               c_w.l(scanf_infnan.o)
    0x08000fd4   0x08000fd4   0x0000000c   Code   RO         4317    .text               c_w.l(sys_exit.o)
    0x08000fe0   0x08000fe0   0x00000002   Code   RO         4319    .text               c_w.l(use_no_semi.o)
    0x08000fe2   0x08000fe2   0x00000000   Code   RO         4321    .text               c_w.l(indicate_semi.o)
    0x08000fe2   0x08000fe2   0x00000026   Code   RO         4324    .text               c_w.l(llshl.o)
    0x08001008   0x08001008   0x0000001c   Code   RO         4326    .text               c_w.l(_chval.o)
    0x08001024   0x08001024   0x00000338   Code   RO         4254    CL$$btod_div_common  c_w.l(btod.o)
    0x0800135c   0x0800135c   0x00000084   Code   RO         4252    CL$$btod_e2d        c_w.l(btod.o)
    0x080013e0   0x080013e0   0x000000dc   Code   RO         4251    CL$$btod_e2e        c_w.l(btod.o)
    0x080014bc   0x080014bc   0x0000002a   Code   RO         4248    CL$$btod_ediv       c_w.l(btod.o)
    0x080014e6   0x080014e6   0x0000002a   Code   RO         4250    CL$$btod_edivd      c_w.l(btod.o)
    0x08001510   0x08001510   0x0000002a   Code   RO         4247    CL$$btod_emul       c_w.l(btod.o)
    0x0800153a   0x0800153a   0x0000002a   Code   RO         4249    CL$$btod_emuld      c_w.l(btod.o)
    0x08001564   0x08001564   0x00000244   Code   RO         4253    CL$$btod_mult_common  c_w.l(btod.o)
    0x080017a8   0x080017a8   0x00000060   Code   RO         3716    i.AS5600_GetRawData  as5600.o
    0x08001808   0x08001808   0x00000008   Code   RO         3717    i.AS5600_Init       as5600.o
    0x08001810   0x08001810   0x00000004   Code   RO         3262    i.BusFault_Handler  stm32f10x_it.o
    0x08001814   0x08001814   0x00000074   Code   RO         3367    i.Check_Sensor      dfoc.o
    0x08001888   0x08001888   0x00000018   Code   RO          911    i.DMA_Cmd           stm32f10x_dma.o
    0x080018a0   0x080018a0   0x0000014c   Code   RO          912    i.DMA_DeInit        stm32f10x_dma.o
    0x080019ec   0x080019ec   0x00000008   Code   RO          913    i.DMA_GetCurrDataCounter  stm32f10x_dma.o
    0x080019f4   0x080019f4   0x0000003c   Code   RO          917    i.DMA_Init          stm32f10x_dma.o
    0x08001a30   0x08001a30   0x00000004   Code   RO          918    i.DMA_SetCurrDataCounter  stm32f10x_dma.o
    0x08001a34   0x08001a34   0x00000002   Code   RO         3263    i.DebugMon_Handler  stm32f10x_it.o
    0x08001a36   0x08001a36   0x00000002   PAD
    0x08001a38   0x08001a38   0x0000001c   Code   RO         3368    i.FOC_Init          dfoc.o
    0x08001a54   0x08001a54   0x00000020   Code   RO         3556    i.FX_pid_location   pid.o
    0x08001a74   0x08001a74   0x00000020   Code   RO         3557    i.FY_pid_location   pid.o
    0x08001a94   0x08001a94   0x00000116   Code   RO         1347    i.GPIO_Init         stm32f10x_gpio.o
    0x08001baa   0x08001baa   0x00000012   Code   RO         1351    i.GPIO_ReadInputDataBit  stm32f10x_gpio.o
    0x08001bbc   0x08001bbc   0x00000004   Code   RO         1355    i.GPIO_SetBits      stm32f10x_gpio.o
    0x08001bc0   0x08001bc0   0x0000000a   Code   RO         1358    i.GPIO_WriteBit     stm32f10x_gpio.o
    0x08001bca   0x08001bca   0x00000002   PAD
    0x08001bcc   0x08001bcc   0x00000030   Code   RO         3720    i.GetAngle_NoTrack  as5600.o
    0x08001bfc   0x08001bfc   0x00000004   Code   RO         3264    i.HardFault_Handler  stm32f10x_it.o
    0x08001c00   0x08001c00   0x0000001c   Code   RO         3722    i.I2C_R_SDA         as5600.o
    0x08001c1c   0x08001c1c   0x0000001e   Code   RO         3723    i.I2C_RecviveAck    as5600.o
    0x08001c3a   0x08001c3a   0x00000034   Code   RO         3724    i.I2C_RecviveData   as5600.o
    0x08001c6e   0x08001c6e   0x00000018   Code   RO         3725    i.I2C_SendAck       as5600.o
    0x08001c86   0x08001c86   0x0000002a   Code   RO         3726    i.I2C_SendByte      as5600.o
    0x08001cb0   0x08001cb0   0x0000001c   Code   RO         3727    i.I2C_Start         as5600.o
    0x08001ccc   0x08001ccc   0x00000016   Code   RO         3728    i.I2C_Stop          as5600.o
    0x08001ce2   0x08001ce2   0x00000002   PAD
    0x08001ce4   0x08001ce4   0x0000001c   Code   RO         3729    i.I2C_W_SCL         as5600.o
    0x08001d00   0x08001d00   0x0000001c   Code   RO         3730    i.I2C_W_SDA         as5600.o
    0x08001d1c   0x08001d1c   0x0000064c   Code   RO         3508    i.LegVMC_Calc       vmc.o
    0x08002368   0x08002368   0x00000034   Code   RO         3509    i.LegVMC_Init       vmc.o
    0x0800239c   0x0800239c   0x00000006   Code   RO         3510    i.LegVMC_SetTarget  vmc.o
    0x080023a2   0x080023a2   0x00000018   Code   RO         3597    i.M0_PWM_A          pwm.o
    0x080023ba   0x080023ba   0x00000018   Code   RO         3598    i.M0_PWM_B          pwm.o
    0x080023d2   0x080023d2   0x00000018   Code   RO         3599    i.M0_PWM_C          pwm.o
    0x080023ea   0x080023ea   0x00000002   PAD
    0x080023ec   0x080023ec   0x00000054   Code   RO         3370    i.M0_electricAngle  dfoc.o
    0x08002440   0x08002440   0x00000018   Code   RO         3600    i.M1_PWM_A          pwm.o
    0x08002458   0x08002458   0x0000001c   Code   RO         3601    i.M1_PWM_B          pwm.o
    0x08002474   0x08002474   0x0000001c   Code   RO         3602    i.M1_PWM_C          pwm.o
    0x08002490   0x08002490   0x00000054   Code   RO         3372    i.M1_electricAngle  dfoc.o
    0x080024e4   0x080024e4   0x0000001e   Code   RO         3648    i.MYDMA1_Enable     serial.o
    0x08002502   0x08002502   0x00000004   Code   RO         3265    i.MemManage_Handler  stm32f10x_it.o
    0x08002506   0x08002506   0x00000002   PAD
    0x08002508   0x08002508   0x00000034   Code   RO         3373    i.Motor_en          dfoc.o
    0x0800253c   0x0800253c   0x00000038   Code   RO         3731    i.MyI2C_Init        as5600.o
    0x08002574   0x08002574   0x00000002   Code   RO         3266    i.NMI_Handler       stm32f10x_it.o
    0x08002576   0x08002576   0x00000002   PAD
    0x08002578   0x08002578   0x00000070   Code   RO          137    i.NVIC_Init         misc.o
    0x080025e8   0x080025e8   0x00000014   Code   RO          138    i.NVIC_PriorityGroupConfig  misc.o
    0x080025fc   0x080025fc   0x000000ce   Code   RO         3558    i.PID_location      pid.o
    0x080026ca   0x080026ca   0x00000002   PAD
    0x080026cc   0x080026cc   0x00000120   Code   RO         3603    i.PWM_Init          pwm.o
    0x080027ec   0x080027ec   0x00000002   Code   RO         3267    i.PendSV_Handler    stm32f10x_it.o
    0x080027ee   0x080027ee   0x00000002   PAD
    0x080027f0   0x080027f0   0x00000020   Code   RO         1774    i.RCC_AHBPeriphClockCmd  stm32f10x_rcc.o
    0x08002810   0x08002810   0x00000020   Code   RO         1775    i.RCC_APB1PeriphClockCmd  stm32f10x_rcc.o
    0x08002830   0x08002830   0x00000020   Code   RO         1776    i.RCC_APB1PeriphResetCmd  stm32f10x_rcc.o
    0x08002850   0x08002850   0x00000020   Code   RO         1777    i.RCC_APB2PeriphClockCmd  stm32f10x_rcc.o
    0x08002870   0x08002870   0x00000020   Code   RO         1778    i.RCC_APB2PeriphResetCmd  stm32f10x_rcc.o
    0x08002890   0x08002890   0x000000d4   Code   RO         1785    i.RCC_GetClocksFreq  stm32f10x_rcc.o
    0x08002964   0x08002964   0x00000002   Code   RO         3268    i.SVC_Handler       stm32f10x_it.o
    0x08002966   0x08002966   0x00000002   PAD
    0x08002968   0x08002968   0x0000010c   Code   RO         3649    i.Serial_Init       serial.o
    0x08002a74   0x08002a74   0x00000020   Code   RO         3652    i.Serial_SendByte   serial.o
    0x08002a94   0x08002a94   0x00000016   Code   RO         3655    i.Serial_SendString  serial.o
    0x08002aaa   0x08002aaa   0x00000002   PAD
    0x08002aac   0x08002aac   0x0000016c   Code   RO         3375    i.SetPhaseVoltage   dfoc.o
    0x08002c18   0x08002c18   0x00000158   Code   RO         3376    i.SetPwm            dfoc.o
    0x08002d70   0x08002d70   0x00000008   Code   RO           24    i.SetSysClock       system_stm32f10x.o
    0x08002d78   0x08002d78   0x000000e0   Code   RO           25    i.SetSysClockTo72   system_stm32f10x.o
    0x08002e58   0x08002e58   0x0000002c   Code   RO         3732    i.Set_Ang_Sensor    as5600.o
    0x08002e84   0x08002e84   0x00000002   Code   RO         3269    i.SysTick_Handler   stm32f10x_it.o
    0x08002e86   0x08002e86   0x00000002   PAD
    0x08002e88   0x08002e88   0x00000060   Code   RO           27    i.SystemInit        system_stm32f10x.o
    0x08002ee8   0x08002ee8   0x00000018   Code   RO         3328    i.Systick_CountMode  delay.o
    0x08002f00   0x08002f00   0x00000018   Code   RO         2421    i.TIM_Cmd           stm32f10x_tim.o
    0x08002f18   0x08002f18   0x0000000c   Code   RO         2448    i.TIM_InternalClockConfig  stm32f10x_tim.o
    0x08002f24   0x08002f24   0x00000098   Code   RO         2450    i.TIM_OC1Init       stm32f10x_tim.o
    0x08002fbc   0x08002fbc   0x000000a4   Code   RO         2455    i.TIM_OC2Init       stm32f10x_tim.o
    0x08003060   0x08003060   0x000000a0   Code   RO         2460    i.TIM_OC3Init       stm32f10x_tim.o
    0x08003100   0x08003100   0x0000007c   Code   RO         2465    i.TIM_OC4Init       stm32f10x_tim.o
    0x0800317c   0x0800317c   0x00000014   Code   RO         2468    i.TIM_OCStructInit  stm32f10x_tim.o
    0x08003190   0x08003190   0x00000004   Code   RO         2482    i.TIM_SetCompare1   stm32f10x_tim.o
    0x08003194   0x08003194   0x00000004   Code   RO         2483    i.TIM_SetCompare2   stm32f10x_tim.o
    0x08003198   0x08003198   0x00000004   Code   RO         2484    i.TIM_SetCompare3   stm32f10x_tim.o
    0x0800319c   0x0800319c   0x00000006   Code   RO         2485    i.TIM_SetCompare4   stm32f10x_tim.o
    0x080031a2   0x080031a2   0x00000002   PAD
    0x080031a4   0x080031a4   0x000000a4   Code   RO         2492    i.TIM_TimeBaseInit  stm32f10x_tim.o
    0x08003248   0x08003248   0x00000210   Code   RO         3656    i.USART1_IRQHandler  serial.o
    0x08003458   0x08003458   0x0000001e   Code   RO         2957    i.USART_ClearITPendingBit  stm32f10x_usart.o
    0x08003476   0x08003476   0x00000018   Code   RO         2960    i.USART_Cmd         stm32f10x_usart.o
    0x0800348e   0x0800348e   0x00000012   Code   RO         2961    i.USART_DMACmd      stm32f10x_usart.o
    0x080034a0   0x080034a0   0x0000009c   Code   RO         2962    i.USART_DeInit      stm32f10x_usart.o
    0x0800353c   0x0800353c   0x0000001a   Code   RO         2963    i.USART_GetFlagStatus  stm32f10x_usart.o
    0x08003556   0x08003556   0x00000054   Code   RO         2964    i.USART_GetITStatus  stm32f10x_usart.o
    0x080035aa   0x080035aa   0x0000004a   Code   RO         2966    i.USART_ITConfig    stm32f10x_usart.o
    0x080035f4   0x080035f4   0x000000d8   Code   RO         2967    i.USART_Init        stm32f10x_usart.o
    0x080036cc   0x080036cc   0x0000000a   Code   RO         2974    i.USART_ReceiveData  stm32f10x_usart.o
    0x080036d6   0x080036d6   0x00000008   Code   RO         2977    i.USART_SendData    stm32f10x_usart.o
    0x080036de   0x080036de   0x00000004   Code   RO         3270    i.UsageFault_Handler  stm32f10x_it.o
    0x080036e2   0x080036e2   0x00000028   Code   RO         4215    i.__ARM_fpclassify  m_ws.l(fpclassify.o)
    0x0800370a   0x0800370a   0x00000026   Code   RO         4096    i.__ARM_fpclassifyf  m_ws.l(fpclassifyf.o)
    0x08003730   0x08003730   0x00000388   Code   RO         4112    i.__ieee754_rem_pio2  m_ws.l(rred.o)
    0x08003ab8   0x08003ab8   0x000000fc   Code   RO         4079    i.__kernel_cos      m_ws.l(cos_i.o)
    0x08003bb4   0x08003bb4   0x000000aa   Code   RO         4217    i.__kernel_poly     m_ws.l(poly.o)
    0x08003c5e   0x08003c5e   0x00000002   PAD
    0x08003c60   0x08003c60   0x000000ec   Code   RO         4120    i.__kernel_sin      m_ws.l(sin_i.o)
    0x08003d4c   0x08003d4c   0x00000006   Code   RO         4083    i.__mathlib_dbl_infnan  m_ws.l(dunder.o)
    0x08003d52   0x08003d52   0x0000000c   Code   RO         4085    i.__mathlib_dbl_invalid  m_ws.l(dunder.o)
    0x08003d5e   0x08003d5e   0x0000000e   Code   RO         4086    i.__mathlib_dbl_overflow  m_ws.l(dunder.o)
    0x08003d6c   0x08003d6c   0x00000010   Code   RO         4088    i.__mathlib_dbl_underflow  m_ws.l(dunder.o)
    0x08003d7c   0x08003d7c   0x00000006   Code   RO         4099    i.__mathlib_flt_infnan  m_ws.l(funder.o)
    0x08003d82   0x08003d82   0x00000004   Code   RO         4100    i.__mathlib_flt_infnan2  m_ws.l(funder.o)
    0x08003d86   0x08003d86   0x00000008   Code   RO         4101    i.__mathlib_flt_invalid  m_ws.l(funder.o)
    0x08003d8e   0x08003d8e   0x0000000a   Code   RO         4104    i.__mathlib_flt_underflow  m_ws.l(funder.o)
    0x08003d98   0x08003d98   0x00000010   Code   RO         4284    i.__mathlib_narrow  m_ws.l(narrow.o)
    0x08003da8   0x08003da8   0x00000168   Code   RO         4117    i.__mathlib_rredf2  m_ws.l(rredf.o)
    0x08003f10   0x08003f10   0x000000bc   Code   RO         4285    i.__mathlib_tofloat  m_ws.l(narrow.o)
    0x08003fcc   0x08003fcc   0x00000016   Code   RO         4336    i.__support_ldexp   m_ws.l(ldexp.o)
    0x08003fe2   0x08003fe2   0x0000000e   Code   RO         3894    i._is_digit         c_w.l(__printf_wp.o)
    0x08003ff0   0x08003ff0   0x0000025c   Code   RO         3967    i.atan2f            m_ws.l(atan2f.o)
    0x0800424c   0x0800424c   0x0000002a   Code   RO         3975    i.atof              m_ws.l(atof.o)
    0x08004276   0x08004276   0x00000028   Code   RO         3377    i.constrain         dfoc.o
    0x0800429e   0x0800429e   0x00000002   PAD
    0x080042a0   0x080042a0   0x0000009c   Code   RO         3979    i.cos               m_ws.l(cos.o)
    0x0800433c   0x0800433c   0x0000017c   Code   RO         3987    i.cosf              m_ws.l(cosf.o)
    0x080044b8   0x080044b8   0x00000020   Code   RO         3329    i.delay_ms          delay.o
    0x080044d8   0x080044d8   0x00000094   Code   RO         3995    i.fmod              m_ws.l(fmod.o)
    0x0800456c   0x0800456c   0x00000058   Code   RO         4314    i.frexp             m_ws.l(frexp.o)
    0x080045c4   0x080045c4   0x00000074   Code   RO         4337    i.ldexp             m_ws.l(ldexp.o)
    0x08004638   0x08004638   0x0000020c   Code   RO         3196    i.main              main.o
    0x08004844   0x08004844   0x00000044   Code   RO         3378    i.normalizeAngle    dfoc.o
    0x08004888   0x08004888   0x00000024   Code   RO         3559    i.pid_init          pid.o
    0x080048ac   0x080048ac   0x000000a0   Code   RO         4003    i.sin               m_ws.l(sin.o)
    0x0800494c   0x0800494c   0x00000188   Code   RO         4011    i.sinf              m_ws.l(sinf.o)
    0x08004ad4   0x08004ad4   0x0000004c   Code   RO         4019    i.sqrt              m_ws.l(sqrt.o)
    0x08004b20   0x08004b20   0x0000002c   Code   RO         4027    i.sqrtf             m_ws.l(sqrtf.o)
    0x08004b4c   0x08004b4c   0x0000002c   Code   RO         4052    locale$$code        c_w.l(lc_ctype_c.o)
    0x08004b78   0x08004b78   0x0000002c   Code   RO         4156    locale$$code        c_w.l(lc_numeric_c.o)
    0x08004ba4   0x08004ba4   0x00000062   Code   RO         3912    x$fpl$d2f           fz_ws.l(d2f.o)
    0x08004c06   0x08004c06   0x00000002   PAD
    0x08004c08   0x08004c08   0x00000150   Code   RO         3914    x$fpl$dadd          fz_ws.l(daddsub_clz.o)
    0x08004d58   0x08004d58   0x00000010   Code   RO         4233    x$fpl$dcheck1       fz_ws.l(dcheck1.o)
    0x08004d68   0x08004d68   0x00000018   Code   RO         4054    x$fpl$dcmpinf       fz_ws.l(dcmpi.o)
    0x08004d80   0x08004d80   0x000002b0   Code   RO         3921    x$fpl$ddiv          fz_ws.l(ddiv.o)
    0x08005030   0x08005030   0x00000078   Code   RO         4309    x$fpl$deqf          fz_ws.l(deqf.o)
    0x080050a8   0x080050a8   0x0000005e   Code   RO         4205    x$fpl$dfix          fz_ws.l(dfix.o)
    0x08005106   0x08005106   0x0000002e   Code   RO         3925    x$fpl$dflt          fz_ws.l(dflt_clz.o)
    0x08005134   0x08005134   0x00000026   Code   RO         3924    x$fpl$dfltu         fz_ws.l(dflt_clz.o)
    0x0800515a   0x0800515a   0x00000002   PAD
    0x0800515c   0x0800515c   0x00000078   Code   RO         3930    x$fpl$dleqf         fz_ws.l(dleqf.o)
    0x080051d4   0x080051d4   0x00000154   Code   RO         3932    x$fpl$dmul          fz_ws.l(dmul.o)
    0x08005328   0x08005328   0x0000009c   Code   RO         4056    x$fpl$dnaninf       fz_ws.l(dnaninf.o)
    0x080053c4   0x080053c4   0x00000150   Code   RO         4058    x$fpl$drem          fz_ws.l(drem_clz.o)
    0x08005514   0x08005514   0x0000000c   Code   RO         4060    x$fpl$dretinf       fz_ws.l(dretinf.o)
    0x08005520   0x08005520   0x0000006c   Code   RO         3934    x$fpl$drleqf        fz_ws.l(drleqf.o)
    0x0800558c   0x0800558c   0x00000016   Code   RO         3915    x$fpl$drsb          fz_ws.l(daddsub_clz.o)
    0x080055a2   0x080055a2   0x00000002   PAD
    0x080055a4   0x080055a4   0x000001cc   Code   RO         4062    x$fpl$dsqrt         fz_ws.l(dsqrt_noumaal.o)
    0x08005770   0x08005770   0x000001d4   Code   RO         3916    x$fpl$dsub          fz_ws.l(daddsub_clz.o)
    0x08005944   0x08005944   0x00000056   Code   RO         3936    x$fpl$f2d           fz_ws.l(f2d.o)
    0x0800599a   0x0800599a   0x00000002   PAD
    0x0800599c   0x0800599c   0x000000c4   Code   RO         3938    x$fpl$fadd          fz_ws.l(faddsub_clz.o)
    0x08005a60   0x08005a60   0x0000000c   Code   RO         4235    x$fpl$fcheck1       fz_ws.l(fcheck1.o)
    0x08005a6c   0x08005a6c   0x00000018   Code   RO         4064    x$fpl$fcmpinf       fz_ws.l(fcmpi.o)
    0x08005a84   0x08005a84   0x00000184   Code   RO         3945    x$fpl$fdiv          fz_ws.l(fdiv.o)
    0x08005c08   0x08005c08   0x00000068   Code   RO         3948    x$fpl$feqf          fz_ws.l(feqf.o)
    0x08005c70   0x08005c70   0x00000036   Code   RO         4066    x$fpl$ffix          fz_ws.l(ffix.o)
    0x08005ca6   0x08005ca6   0x00000002   PAD
    0x08005ca8   0x08005ca8   0x0000003e   Code   RO         3950    x$fpl$ffixu         fz_ws.l(ffixu.o)
    0x08005ce6   0x08005ce6   0x00000002   PAD
    0x08005ce8   0x08005ce8   0x00000030   Code   RO         3955    x$fpl$fflt          fz_ws.l(fflt_clz.o)
    0x08005d18   0x08005d18   0x00000026   Code   RO         3954    x$fpl$ffltu         fz_ws.l(fflt_clz.o)
    0x08005d3e   0x08005d3e   0x00000002   PAD
    0x08005d40   0x08005d40   0x00000068   Code   RO         3960    x$fpl$fleqf         fz_ws.l(fleqf.o)
    0x08005da8   0x08005da8   0x00000102   Code   RO         3962    x$fpl$fmul          fz_ws.l(fmul.o)
    0x08005eaa   0x08005eaa   0x0000008c   Code   RO         4070    x$fpl$fnaninf       fz_ws.l(fnaninf.o)
    0x08005f36   0x08005f36   0x0000000a   Code   RO         4072    x$fpl$fretinf       fz_ws.l(fretinf.o)
    0x08005f40   0x08005f40   0x00000062   Code   RO         3964    x$fpl$frleqf        fz_ws.l(frleqf.o)
    0x08005fa2   0x08005fa2   0x00000002   PAD
    0x08005fa4   0x08005fa4   0x00000060   Code   RO         4074    x$fpl$frnd          fz_ws.l(frnd.o)
    0x08006004   0x08006004   0x00000014   Code   RO         3939    x$fpl$frsb          fz_ws.l(faddsub_clz.o)
    0x08006018   0x08006018   0x00000110   Code   RO         4076    x$fpl$fsqrt         fz_ws.l(fsqrt.o)
    0x08006128   0x08006128   0x000000ea   Code   RO         3940    x$fpl$fsub          fz_ws.l(faddsub_clz.o)
    0x08006212   0x08006212   0x00000006   Code   RO         4274    x$fpl$ieeestatus    fz_ws.l(istatus.o)
    0x08006218   0x08006218   0x00000064   Code   RO         4276    x$fpl$retnan        fz_ws.l(retnan.o)
    0x0800627c   0x0800627c   0x0000005c   Code   RO         4209    x$fpl$scalbn        fz_ws.l(scalbn.o)
    0x080062d8   0x080062d8   0x0000004c   Code   RO         4211    x$fpl$scalbnf       fz_ws.l(scalbnf.o)
    0x08006324   0x08006324   0x00000004   Code   RO         4213    x$fpl$scanf1        fz_ws.l(scanf1.o)
    0x08006328   0x08006328   0x00000008   Code   RO         4278    x$fpl$scanf2        fz_ws.l(scanf2.o)
    0x08006330   0x08006330   0x00000030   Code   RO         4311    x$fpl$trapveneer    fz_ws.l(trapv.o)
    0x08006360   0x08006360   0x00000000   Code   RO         4078    x$fpl$usenofp       fz_ws.l(usenofp.o)
    0x08006360   0x08006360   0x00000030   Data   RO         4080    .constdata          m_ws.l(cos_i.o)
    0x08006390   0x08006390   0x000000c8   Data   RO         4114    .constdata          m_ws.l(rred.o)
    0x08006458   0x08006458   0x00000020   Data   RO         4118    .constdata          m_ws.l(rredf.o)
    0x08006478   0x08006478   0x00000028   Data   RO         4121    .constdata          m_ws.l(sin_i.o)
    0x080064a0   0x080064a0   0x00000094   Data   RO         4242    .constdata          c_w.l(bigflt0.o)
    0x08006534   0x08006534   0x00000020   Data   RO         4388    Region$$Table       anon$$obj.o
    0x08006554   0x08006554   0x00000008   Data   RO         4270    c$$dinf             fz_ws.l(fpconst.o)
    0x0800655c   0x0800655c   0x00000008   Data   RO         4273    c$$dmax             fz_ws.l(fpconst.o)
    0x08006564   0x08006564   0x00000110   Data   RO         4051    locale$$data        c_w.l(lc_ctype_c.o)
    0x08006674   0x08006674   0x0000001c   Data   RO         4155    locale$$data        c_w.l(lc_numeric_c.o)


    Execution Region RW_IRAM1 (Exec base: 0x20000000, Load base: 0x08006690, Size: 0x00000a10, Max: 0x00005000, ABSOLUTE)

    Exec Addr    Load Addr    Size         Type   Attr      Idx    E Section Name        Object

    0x20000000   0x08006690   0x00000014   Data   RW         1805    .data               stm32f10x_rcc.o
    0x20000014   0x080066a4   0x00000038   Data   RW         3197    .data               main.o
    0x2000004c   0x080066dc   0x000000a0   Data   RW         3380    .data               dfoc.o
    0x200000ec   0x0800677c   0x00000008   Data   RW         3561    .data               pid.o
    0x200000f4   0x08006784   0x0000000c   Data   RW         3658    .data               serial.o
    0x20000100   0x08006790   0x00000004   Data   RW         3733    .data               as5600.o
    0x20000104        -       0x00000040   Zero   RW         3379    .bss                dfoc.o
    0x20000144        -       0x00000084   Zero   RW         3512    .bss                vmc.o
    0x200001c8        -       0x00000048   Zero   RW         3560    .bss                pid.o
    0x20000210        -       0x0000019a   Zero   RW         3657    .bss                serial.o
    0x200003aa   0x08006794   0x00000002   PAD
    0x200003ac        -       0x00000060   Zero   RW         4127    .bss                c_w.l(libspace.o)
    0x2000040c   0x08006794   0x00000004   PAD
    0x20000410        -       0x00000200   Zero   RW            2    HEAP                startup_stm32f10x_md.o
    0x20000610        -       0x00000400   Zero   RW            1    STACK               startup_stm32f10x_md.o


==============================================================================

Image component sizes


      Code (inc. data)   RO Data    RW Data    ZI Data      Debug   Object Name

       534         48          0          4          0       7588   as5600.o
         0          0          0          0          0       4500   core_cm3.o
        56          6          0          0          0        835   delay.o
      1180        106          0        160         64       7228   dfoc.o
       524        108          0         56          0       1521   main.o
       132         22          0          0          0     204611   misc.o
       306         32          0          8         72       2772   pid.o
       440         22          0          0          0       3397   pwm.o
       880         72          0         12        410       3571   serial.o
        64         26        236          0       1536        796   startup_stm32f10x_md.o
         0          0          0          0          0       1632   stm32f10x_adc.o
       428          8          0          0          0      13924   stm32f10x_dma.o
       310          0          0          0          0      11671   stm32f10x_gpio.o
        26          0          0          0          0       3494   stm32f10x_it.o
       372         50          0         20          0      14332   stm32f10x_rcc.o
       838         92          0          0          0      27234   stm32f10x_tim.o
       646         28          0          0          0      13293   stm32f10x_usart.o
       328         28          0          0          0      54781   system_stm32f10x.o
      1670         40          0          0        132       2866   vmc.o

    ----------------------------------------------------------------------
      8760        688        268        260       2216     380046   Object Totals
         0          0         32          0          0          0   (incl. Generated)
        26          0          0          0          2          0   (incl. Padding)

    ----------------------------------------------------------------------

      Code (inc. data)   RO Data    RW Data    ZI Data      Debug   Library Member Name

         8          0          0          0          0         68   __main.o
       104          0          0          0          0         84   __printf.o
        14          0          0          0          0         68   __printf_wp.o
         0          0          0          0          0          0   __rtentry.o
        12          0          0          0          0          0   __rtentry2.o
         6          0          0          0          0          0   __rtentry4.o
        52          8          0          0          0          0   __scatter.o
        26          0          0          0          0          0   __scatter_copy.o
        28          0          0          0          0          0   __scatter_zi.o
        28          0          0          0          0         68   _chval.o
        44          0          0          0          0        108   _printf_char.o
        48          6          0          0          0         96   _printf_char_common.o
         0          0          0          0          0          0   _printf_percent.o
         4          0          0          0          0          0   _printf_percent_end.o
         6          0          0          0          0          0   _printf_s.o
        82          0          0          0          0         80   _printf_str.o
        22          0          0          0          0        100   _rserrno.o
        64          0          0          0          0         84   _sgetc.o
        10          0          0          0          0         68   _sputc.o
       228          4        148          0          0         96   bigflt0.o
      1924        136          0          0          0        756   btod.o
        18          0          0          0          0         80   exit.o
         6          0          0          0          0        152   heapauxi.o
         0          0          0          0          0          0   indicate_semi.o
        18          0          0          0          0         76   isspace.o
        44         10        272          0          0         76   lc_ctype_c.o
        44         10         28          0          0         76   lc_numeric_c.o
         2          0          0          0          0          0   libinit.o
        30          0          0          0          0          0   libinit2.o
         2          0          0          0          0          0   libshutdown.o
         2          0          0          0          0          0   libshutdown2.o
         8          4          0          0         96         68   libspace.o
        38          0          0          0          0         68   llshl.o
        40          6          0          0          0         84   noretval__2sprintf.o
        16          4          0          0          0         76   rt_ctype_table.o
         8          4          0          0          0         68   rt_errno_addr_intlibspace.o
         8          4          0          0          0         68   rt_locale_intlibspace.o
        78          0          0          0          0         80   rt_memclr_w.o
         2          0          0          0          0          0   rtexit.o
        10          0          0          0          0          0   rtexit2.o
      1272         16          0          0          0        168   scanf_fp.o
       800         14          0          0          0        100   scanf_hexfp.o
       308         16          0          0          0        100   scanf_infnan.o
       128          0          0          0          0         68   strcmpv7m.o
       164         14          0          0          0        120   strtod.o
        12          4          0          0          0         68   sys_exit.o
        74          0          0          0          0         80   sys_stackheap_outer.o
         2          0          0          0          0         68   use_no_semi.o
        98          4          0          0          0         92   d2f.o
       826         16          0          0          0        348   daddsub_clz.o
        16          4          0          0          0         68   dcheck1.o
        24          0          0          0          0         68   dcmpi.o
       688        140          0          0          0        208   ddiv.o
       120          4          0          0          0         92   deqf.o
        94          4          0          0          0         92   dfix.o
        84          0          0          0          0        136   dflt_clz.o
       120          4          0          0          0         92   dleqf.o
       340         12          0          0          0        104   dmul.o
       156          4          0          0          0         92   dnaninf.o
       336         12          0          0          0         88   drem_clz.o
        12          0          0          0          0         68   dretinf.o
       108          0          0          0          0         80   drleqf.o
       460         56          0          0          0        120   dsqrt_noumaal.o
        86          4          0          0          0         84   f2d.o
       450          8          0          0          0        236   faddsub_clz.o
        12          4          0          0          0         68   fcheck1.o
        24          0          0          0          0         68   fcmpi.o
       388         76          0          0          0         96   fdiv.o
       104          4          0          0          0         84   feqf.o
        54          4          0          0          0         84   ffix.o
        62          4          0          0          0         84   ffixu.o
        86          0          0          0          0        136   fflt_clz.o
       104          4          0          0          0         84   fleqf.o
       258          4          0          0          0         84   fmul.o
       140          4          0          0          0         84   fnaninf.o
         0          0         16          0          0          0   fpconst.o
        10          0          0          0          0         68   fretinf.o
        98          0          0          0          0         68   frleqf.o
        96          4          0          0          0         76   frnd.o
       272        100          0          0          0         88   fsqrt.o
         6          0          0          0          0         68   istatus.o
       100          0          0          0          0         68   retnan.o
        92          0          0          0          0         68   scalbn.o
        76          0          0          0          0         68   scalbnf.o
         4          0          0          0          0         68   scanf1.o
         8          0          0          0          0         84   scanf2.o
        48          0          0          0          0         68   trapv.o
         0          0          0          0          0          0   usenofp.o
       604         76          0          0          0        116   atan2f.o
        42          0          0          0          0         84   atof.o
       156          8          0          0          0        104   cos.o
       252         22         48          0          0        124   cos_i.o
       380         52          0          0          0        124   cosf.o
        48          6          0          0          0        272   dunder.o
       148          4          0          0          0         88   fmod.o
        40          0          0          0          0         68   fpclassify.o
        38          0          0          0          0         68   fpclassifyf.o
        88          8          0          0          0         76   frexp.o
        28          0          0          0          0        272   funder.o
       138          0          0          0          0        160   ldexp.o
       204          4          0          0          0        168   narrow.o
       170          0          0          0          0         96   poly.o
       904         76        200          0          0        140   rred.o
       360         16         32          0          0         88   rredf.o
       160         10          0          0          0        108   sin.o
       236         12         40          0          0        128   sin_i.o
       392         54          0          0          0        124   sinf.o
        76          0          0          0          0         84   sqrt.o
        44          0          0          0          0         80   sqrtf.o

    ----------------------------------------------------------------------
     16444       1088        784          0        100       9724   Library Totals
        32          0          0          0          4          0   (incl. Padding)

    ----------------------------------------------------------------------

      Code (inc. data)   RO Data    RW Data    ZI Data      Debug   Library Name

      5844        260        448          0         96       3420   c_w.l
      6060        480         16          0          0       3732   fz_ws.l
      4508        348        320          0          0       2572   m_ws.l

    ----------------------------------------------------------------------
     16444       1088        784          0        100       9724   Library Totals

    ----------------------------------------------------------------------

==============================================================================


      Code (inc. data)   RO Data    RW Data    ZI Data      Debug   

     25204       1776       1052        260       2316     379366   Grand Totals
     25204       1776       1052        260       2316     379366   ELF Image Totals
     25204       1776       1052        260          0          0   ROM Totals

==============================================================================

    Total RO  Size (Code + RO Data)                26256 (  25.64kB)
    Total RW  Size (RW Data + ZI Data)              2576 (   2.52kB)
    Total ROM Size (Code + RO Data + RW Data)      26516 (  25.89kB)

==============================================================================

